Archive member included to satisfy reference by file (symbol)

/home/pansy/arm-gnu/arm-gnu/bin/../lib/gcc/arm-none-eabi/12.2.1/thumb/v7e-m+fp/hard/libgcc.a(_arm_muldf3.o)
                              CMakeFiles/Engineering_A_2023_C_Board.elf.dir/Algorithm/src/lqr.c.obj (__aeabi_dmul)
/home/pansy/arm-gnu/arm-gnu/bin/../lib/gcc/arm-none-eabi/12.2.1/thumb/v7e-m+fp/hard/libgcc.a(_arm_addsubdf3.o)
                              CMakeFiles/Engineering_A_2023_C_Board.elf.dir/Control/Src/GimbalMotor.c.obj (__aeabi_dsub)
/home/pansy/arm-gnu/arm-gnu/bin/../lib/gcc/arm-none-eabi/12.2.1/thumb/v7e-m+fp/hard/libgcc.a(_arm_truncdfsf2.o)
                              CMakeFiles/Engineering_A_2023_C_Board.elf.dir/Bsp/Src/bsp_Distance_Sensor.c.obj (__aeabi_d2f)
/home/pansy/arm-gnu/arm-gnu/bin/../lib/gcc/arm-none-eabi/12.2.1/thumb/v7e-m+fp/hard/libgcc.a(_aeabi_uldivmod.o)
                              CMakeFiles/Engineering_A_2023_C_Board.elf.dir/Drivers/STM32F4xx_HAL_Driver/Src/stm32f4xx_hal_rcc.c.obj (__aeabi_uldivmod)
/home/pansy/arm-gnu/arm-gnu/bin/../lib/gcc/arm-none-eabi/12.2.1/thumb/v7e-m+fp/hard/libgcc.a(_udivmoddi4.o)
                              /home/pansy/arm-gnu/arm-gnu/bin/../lib/gcc/arm-none-eabi/12.2.1/thumb/v7e-m+fp/hard/libgcc.a(_aeabi_uldivmod.o) (__udivmoddi4)
/home/pansy/arm-gnu/arm-gnu/bin/../lib/gcc/arm-none-eabi/12.2.1/thumb/v7e-m+fp/hard/libgcc.a(_dvmd_tls.o)
                              /home/pansy/arm-gnu/arm-gnu/bin/../lib/gcc/arm-none-eabi/12.2.1/thumb/v7e-m+fp/hard/libgcc.a(_aeabi_uldivmod.o) (__aeabi_ldiv0)
/home/pansy/arm-gnu/arm-gnu/bin/../lib/gcc/arm-none-eabi/12.2.1/../../../../arm-none-eabi/lib/thumb/v7e-m+fp/hard/libc.a(libc_a-exit.o)
                              /home/pansy/arm-gnu/arm-gnu/bin/../lib/gcc/arm-none-eabi/12.2.1/../../../../arm-none-eabi/lib/thumb/v7e-m+fp/hard/crt0.o (exit)
/home/pansy/arm-gnu/arm-gnu/bin/../lib/gcc/arm-none-eabi/12.2.1/../../../../arm-none-eabi/lib/thumb/v7e-m+fp/hard/libc.a(libc_a-strstr.o)
                              CMakeFiles/Engineering_A_2023_C_Board.elf.dir/Bsp/Src/bsp_Distance_Sensor.c.obj (strstr)
/home/pansy/arm-gnu/arm-gnu/bin/../lib/gcc/arm-none-eabi/12.2.1/../../../../arm-none-eabi/lib/thumb/v7e-m+fp/hard/libc.a(libc_a-errno.o)
                              CMakeFiles/Engineering_A_2023_C_Board.elf.dir/Core/Src/syscalls.c.obj (__errno)
/home/pansy/arm-gnu/arm-gnu/bin/../lib/gcc/arm-none-eabi/12.2.1/../../../../arm-none-eabi/lib/thumb/v7e-m+fp/hard/libc.a(libc_a-malloc.o)
                              CMakeFiles/Engineering_A_2023_C_Board.elf.dir/Algorithm/src/fifo.c.obj (malloc)
/home/pansy/arm-gnu/arm-gnu/bin/../lib/gcc/arm-none-eabi/12.2.1/../../../../arm-none-eabi/lib/thumb/v7e-m+fp/hard/libc.a(libc_a-mallocr.o)
                              /home/pansy/arm-gnu/arm-gnu/bin/../lib/gcc/arm-none-eabi/12.2.1/../../../../arm-none-eabi/lib/thumb/v7e-m+fp/hard/libc.a(libc_a-malloc.o) (_malloc_r)
/home/pansy/arm-gnu/arm-gnu/bin/../lib/gcc/arm-none-eabi/12.2.1/../../../../arm-none-eabi/lib/thumb/v7e-m+fp/hard/libc.a(libc_a-__call_atexit.o)
                              /home/pansy/arm-gnu/arm-gnu/bin/../lib/gcc/arm-none-eabi/12.2.1/../../../../arm-none-eabi/lib/thumb/v7e-m+fp/hard/libc.a(libc_a-exit.o) (__call_exitprocs)
/home/pansy/arm-gnu/arm-gnu/bin/../lib/gcc/arm-none-eabi/12.2.1/../../../../arm-none-eabi/lib/thumb/v7e-m+fp/hard/libc.a(libc_a-memcmp.o)
                              /home/pansy/arm-gnu/arm-gnu/bin/../lib/gcc/arm-none-eabi/12.2.1/../../../../arm-none-eabi/lib/thumb/v7e-m+fp/hard/libc.a(libc_a-strstr.o) (memcmp)
/home/pansy/arm-gnu/arm-gnu/bin/../lib/gcc/arm-none-eabi/12.2.1/../../../../arm-none-eabi/lib/thumb/v7e-m+fp/hard/libc.a(libc_a-memset.o)
                              /home/pansy/arm-gnu/arm-gnu/bin/../lib/gcc/arm-none-eabi/12.2.1/../../../../arm-none-eabi/lib/thumb/v7e-m+fp/hard/crt0.o (memset)
/home/pansy/arm-gnu/arm-gnu/bin/../lib/gcc/arm-none-eabi/12.2.1/../../../../arm-none-eabi/lib/thumb/v7e-m+fp/hard/libc.a(libc_a-init.o)
                              /home/pansy/arm-gnu/arm-gnu/bin/../lib/gcc/arm-none-eabi/12.2.1/../../../../arm-none-eabi/lib/thumb/v7e-m+fp/hard/crt0.o (__libc_init_array)
/home/pansy/arm-gnu/arm-gnu/bin/../lib/gcc/arm-none-eabi/12.2.1/../../../../arm-none-eabi/lib/thumb/v7e-m+fp/hard/libc.a(libc_a-fini.o)
                              /home/pansy/arm-gnu/arm-gnu/bin/../lib/gcc/arm-none-eabi/12.2.1/../../../../arm-none-eabi/lib/thumb/v7e-m+fp/hard/libc.a(libc_a-__call_atexit.o) (__libc_fini_array)
/home/pansy/arm-gnu/arm-gnu/bin/../lib/gcc/arm-none-eabi/12.2.1/../../../../arm-none-eabi/lib/thumb/v7e-m+fp/hard/libc.a(libc_a-lock.o)
                              /home/pansy/arm-gnu/arm-gnu/bin/../lib/gcc/arm-none-eabi/12.2.1/../../../../arm-none-eabi/lib/thumb/v7e-m+fp/hard/libc.a(libc_a-__call_atexit.o) (__retarget_lock_acquire_recursive)
/home/pansy/arm-gnu/arm-gnu/bin/../lib/gcc/arm-none-eabi/12.2.1/../../../../arm-none-eabi/lib/thumb/v7e-m+fp/hard/libc.a(libc_a-sysconf.o)
[...]
Memory Configuration

Name             Origin             Length             Attributes
CCMRAM           0x10000000         0x00010000         xrw
RAM              0x20000000         0x00020000         xrw
FLASH            0x08000000         0x00100000         xr
*default*        0x00000000         0xffffffff

Linker script and memory map

LOAD /home/pansy/arm-gnu/arm-gnu/bin/../lib/gcc/arm-none-eabi/12.2.1/thumb/v7e-m+fp/hard/crti.o
LOAD /home/pansy/arm-gnu/arm-gnu/bin/../lib/gcc/arm-none-eabi/12.2.1/thumb/v7e-m+fp/hard/crtbegin.o
LOAD /home/pansy/arm-gnu/arm-gnu/bin/../lib/gcc/arm-none-eabi/12.2.1/../../../../arm-none-eabi/lib/thumb/v7e-m+fp/hard/crt0.o
LOAD CMakeFiles/Engineering_A_2023_C_Board.elf.dir/Algorithm/src/fifo.c.obj
LOAD CMakeFiles/Engineering_A_2023_C_Board.elf.dir/Algorithm/src/filter.c.obj
LOAD CMakeFiles/Engineering_A_2023_C_Board.elf.dir/Algorithm/src/lqr.c.obj
LOAD CMakeFiles/Engineering_A_2023_C_Board.elf.dir/Algorithm/src/maths.c.obj
LOAD CMakeFiles/Engineering_A_2023_C_Board.elf.dir/Algorithm/src/pid.c.obj
LOAD CMakeFiles/Engineering_A_2023_C_Board.elf.dir/Bsp/Src/bsp_Distance_Sensor.c.obj
LOAD CMakeFiles/Engineering_A_2023_C_Board.elf.dir/Bsp/Src/bsp_Motor_Encoder.c.obj
LOAD CMakeFiles/Engineering_A_2023_C_Board.elf.dir/Bsp/Src/bsp_Power_Detect.c.obj
LOAD CMakeFiles/Engineering_A_2023_C_Board.elf.dir/Bsp/Src/bsp_Referee.c.obj
LOAD CMakeFiles/Engineering_A_2023_C_Board.elf.dir/Bsp/Src/bsp_buzzer.c.obj
LOAD CMakeFiles/Engineering_A_2023_C_Board.elf.dir/Bsp/Src/bsp_can.c.obj
LOAD CMakeFiles/Engineering_A_2023_C_Board.elf.dir/Bsp/Src/bsp_dr16.c.obj
LOAD CMakeFiles/Engineering_A_2023_C_Board.elf.dir/Bsp/Src/bsp_pwm.c.obj
LOAD CMakeFiles/Engineering_A_2023_C_Board.elf.dir/Bsp/Src/bsp_usb.c.obj
LOAD CMakeFiles/Engineering_A_2023_C_Board.elf.dir/Control/Src/AutoAction.c.obj
LOAD CMakeFiles/Engineering_A_2023_C_Board.elf.dir/Control/Src/BoardCommuni.c.obj
LOAD CMakeFiles/Engineering_A_2023_C_Board.elf.dir/Control/Src/GimbalMotor.c.obj
LOAD CMakeFiles/Engineering_A_2023_C_Board.elf.dir/Control/Src/RemoteDeal.c.obj
LOAD CMakeFiles/Engineering_A_2023_C_Board.elf.dir/Control/Src/SYSInit.c.obj
LOAD CMakeFiles/Engineering_A_2023_C_Board.elf.dir/Control/Src/referee.c.obj
LOAD CMakeFiles/Engineering_A_2023_C_Board.elf.dir/Control/Src/rmmotor.c.obj
LOAD CMakeFiles/Engineering_A_2023_C_Board.elf.dir/Core/Src/can.c.obj
LOAD CMakeFiles/Engineering_A_2023_C_Board.elf.dir/Core/Src/dma.c.obj
LOAD CMakeFiles/Engineering_A_2023_C_Board.elf.dir/Core/Src/freertos.c.obj
LOAD CMakeFiles/Engineering_A_2023_C_Board.elf.dir/Core/Src/gpio.c.obj
LOAD CMakeFiles/Engineering_A_2023_C_Board.elf.dir/Core/Src/i2c.c.obj
LOAD CMakeFiles/Engineering_A_2023_C_Board.elf.dir/Core/Src/main.c.obj
LOAD CMakeFiles/Engineering_A_2023_C_Board.elf.dir/Core/Src/spi.c.obj
LOAD CMakeFiles/Engineering_A_2023_C_Board.elf.dir/Core/Src/stm32f4xx_hal_msp.c.obj
LOAD CMakeFiles/Engineering_A_2023_C_Board.elf.dir/Core/Src/stm32f4xx_hal_timebase_tim.c.obj
LOAD CMakeFiles/Engineering_A_2023_C_Board.elf.dir/Core/Src/stm32f4xx_it.c.obj
LOAD CMakeFiles/Engineering_A_2023_C_Board.elf.dir/Core/Src/syscalls.c.obj
LOAD CMakeFiles/Engineering_A_2023_C_Board.elf.dir/Core/Src/sysmem.c.obj
LOAD CMakeFiles/Engineering_A_2023_C_Board.elf.dir/Core/Src/system_stm32f4xx.c.obj
LOAD CMakeFiles/Engineering_A_2023_C_Board.elf.dir/Core/Src/tim.c.obj
LOAD CMakeFiles/Engineering_A_2023_C_Board.elf.dir/Core/Src/usart.c.obj
LOAD CMakeFiles/Engineering_A_2023_C_Board.elf.dir/Core/Src/usb_otg.c.obj
LOAD CMakeFiles/Engineering_A_2023_C_Board.elf.dir/Core/Startup/startup_stm32f407ighx.s.obj
LOAD CMakeFiles/Engineering_A_2023_C_Board.elf.dir/Drivers/STM32F4xx_HAL_Driver/Src/stm32f4xx_hal.c.obj
LOAD CMakeFiles/Engineering_A_2023_C_Board.elf.dir/Drivers/STM32F4xx_HAL_Driver/Src/stm32f4xx_hal_can.c.obj
LOAD CMakeFiles/Engineering_A_2023_C_Board.elf.dir/Drivers/STM32F4xx_HAL_Driver/Src/stm32f4xx_hal_cortex.c.obj
LOAD CMakeFiles/Engineering_A_2023_C_Board.elf.dir/Drivers/STM32F4xx_HAL_Driver/Src/stm32f4xx_hal_dma.c.obj
LOAD CMakeFiles/Engineering_A_2023_C_Board.elf.dir/Drivers/STM32F4xx_HAL_Driver/Src/stm32f4xx_hal_dma_ex.c.obj
LOAD CMakeFiles/Engineering_A_2023_C_Board.elf.dir/Drivers/STM32F4xx_HAL_Driver/Src/stm32f4xx_hal_exti.c.obj
LOAD CMakeFiles/Engineering_A_2023_C_Board.elf.dir/Drivers/STM32F4xx_HAL_Driver/Src/stm32f4xx_hal_flash.c.obj
LOAD CMakeFiles/Engineering_A_2023_C_Board.elf.dir/Drivers/STM32F4xx_HAL_Driver/Src/stm32f4xx_hal_flash_ex.c.obj
LOAD CMakeFiles/Engineering_A_2023_C_Board.elf.dir/Drivers/STM32F4xx_HAL_Driver/Src/stm32f4xx_hal_flash_ramfunc.c.obj
LOAD CMakeFiles/Engineering_A_2023_C_Board.elf.dir/Drivers/STM32F4xx_HAL_Driver/Src/stm32f4xx_hal_gpio.c.obj
LOAD CMakeFiles/Engineering_A_2023_C_Board.elf.dir/Drivers/STM32F4xx_HAL_Driver/Src/stm32f4xx_hal_i2c.c.obj
LOAD CMakeFiles/Engineering_A_2023_C_Board.elf.dir/Drivers/STM32F4xx_HAL_Driver/Src/stm32f4xx_hal_i2c_ex.c.obj
LOAD CMakeFiles/Engineering_A_2023_C_Board.elf.dir/Drivers/STM32F4xx_HAL_Driver/Src/stm32f4xx_hal_pcd.c.obj
LOAD CMakeFiles/Engineering_A_2023_C_Board.elf.dir/Drivers/STM32F4xx_HAL_Driver/Src/stm32f4xx_hal_pcd_ex.c.obj
LOAD CMakeFiles/Engineering_A_2023_C_Board.elf.dir/Drivers/STM32F4xx_HAL_Driver/Src/stm32f4xx_hal_pwr.c.obj
LOAD CMakeFiles/Engineering_A_2023_C_Board.elf.dir/Drivers/STM32F4xx_HAL_Driver/Src/stm32f4xx_hal_pwr_ex.c.obj
LOAD CMakeFiles/Engineering_A_2023_C_Board.elf.dir/Drivers/STM32F4xx_HAL_Driver/Src/stm32f4xx_hal_rcc.c.obj
LOAD CMakeFiles/Engineering_A_2023_C_Board.elf.dir/Drivers/STM32F4xx_HAL_Driver/Src/stm32f4xx_hal_rcc_ex.c.obj
LOAD CMakeFiles/Engineering_A_2023_C_Board.elf.dir/Drivers/STM32F4xx_HAL_Driver/Src/stm32f4xx_hal_spi.c.obj
LOAD CMakeFiles/Engineering_A_2023_C_Board.elf.dir/Drivers/STM32F4xx_HAL_Driver/Src/stm32f4xx_hal_tim.c.obj
LOAD CMakeFiles/Engineering_A_2023_C_Board.elf.dir/Drivers/STM32F4xx_HAL_Driver/Src/stm32f4xx_hal_tim_ex.c.obj
LOAD CMakeFiles/Engineering_A_2023_C_Board.elf.dir/Drivers/STM32F4xx_HAL_Driver/Src/stm32f4xx_hal_uart.c.obj
LOAD CMakeFiles/Engineering_A_2023_C_Board.elf.dir/Drivers/STM32F4xx_HAL_Driver/Src/stm32f4xx_ll_usb.c.obj
LOAD CMakeFiles/Engineering_A_2023_C_Board.elf.dir/Middlewares/Third_Party/FreeRTOS/Source/CMSIS_RTOS/cmsis_os.c.obj
LOAD CMakeFiles/Engineering_A_2023_C_Board.elf.dir/Middlewares/Third_Party/FreeRTOS/Source/croutine.c.obj
LOAD CMakeFiles/Engineering_A_2023_C_Board.elf.dir/Middlewares/Third_Party/FreeRTOS/Source/event_groups.c.obj
LOAD CMakeFiles/Engineering_A_2023_C_Board.elf.dir/Middlewares/Third_Party/FreeRTOS/Source/list.c.obj
LOAD CMakeFiles/Engineering_A_2023_C_Board.elf.dir/Middlewares/Third_Party/FreeRTOS/Source/portable/GCC/ARM_CM4F/port.c.obj
LOAD CMakeFiles/Engineering_A_2023_C_Board.elf.dir/Middlewares/Third_Party/FreeRTOS/Source/portable/MemMang/heap_4.c.obj
LOAD CMakeFiles/Engineering_A_2023_C_Board.elf.dir/Middlewares/Third_Party/FreeRTOS/Source/queue.c.obj
LOAD CMakeFiles/Engineering_A_2023_C_Board.elf.dir/Middlewares/Third_Party/FreeRTOS/Source/stream_buffer.c.obj
LOAD CMakeFiles/Engineering_A_2023_C_Board.elf.dir/Middlewares/Third_Party/FreeRTOS/Source/tasks.c.obj
LOAD CMakeFiles/Engineering_A_2023_C_Board.elf.dir/Middlewares/Third_Party/FreeRTOS/Source/timers.c.obj
LOAD CMakeFiles/Engineering_A_2023_C_Board.elf.dir/Task/Src/BoardCommuni_Task.c.obj
LOAD CMakeFiles/Engineering_A_2023_C_Board.elf.dir/Task/Src/Detect_Task.c.obj
LOAD CMakeFiles/Engineering_A_2023_C_Board.elf.dir/Task/Src/Gimbal_Fsm.c.obj
LOAD CMakeFiles/Engineering_A_2023_C_Board.elf.dir/Task/Src/Gimbal_Task.c.obj
LOAD CMakeFiles/Engineering_A_2023_C_Board.elf.dir/Task/Src/Remote_Task.c.obj
LOAD CMakeFiles/Engineering_A_2023_C_Board.elf.dir/Task/Src/fsm.c.obj
START GROUP
LOAD /home/pansy/arm-gnu/arm-gnu/bin/../lib/gcc/arm-none-eabi/12.2.1/thumb/v7e-m+fp/hard/libgcc.a
LOAD /home/pansy/arm-gnu/arm-gnu/bin/../lib/gcc/arm-none-eabi/12.2.1/../../../../arm-none-eabi/lib/thumb/v7e-m+fp/hard/libc.a
END GROUP
LOAD /home/pansy/arm-gnu/arm-gnu/bin/../lib/gcc/arm-none-eabi/12.2.1/thumb/v7e-m+fp/hard/crtend.o
LOAD /home/pansy/arm-gnu/arm-gnu/bin/../lib/gcc/arm-none-eabi/12.2.1/thumb/v7e-m+fp/hard/crtn.o
                0x20020000                        _estack = (ORIGIN (RAM) + LENGTH (RAM))
                0x00003000                        _Min_Heap_Size = 0x3000
                0x00001000                        _Min_Stack_Size = 0x1000

.isr_vector     0x08000000      0x188
                0x08000000                        . = ALIGN (0x4)
 *(.isr_vector)
 .isr_vector    0x08000000      0x188 CMakeFiles/Engineering_A_2023_C_Board.elf.dir/Core/Startup/startup_stm32f407ighx.s.obj
                0x08000000                g_pfnVectors
                0x08000188                        . = ALIGN (0x4)

.text           0x08000190     0x68ac
                0x08000190                        . = ALIGN (0x4)
 *(.text)
 .text          0x08000190       0x30 /home/pansy/arm-gnu/arm-gnu/bin/../lib/gcc/arm-none-eabi/12.2.1/thumb/v7e-m+fp/hard/libgcc.a(_aeabi_uldivmod.o)
                0x08000190                __aeabi_uldivmod
 .text          0x080001c0        0x4 /home/pansy/arm-gnu/arm-gnu/bin/../lib/gcc/arm-none-eabi/12.2.1/thumb/v7e-m+fp/hard/libgcc.a(_dvmd_tls.o)
                0x080001c0                __aeabi_ldiv0
                0x080001c0                __aeabi_idiv0
 .text          0x080001c4      0x134 /home/pansy/arm-gnu/arm-gnu/bin/../lib/gcc/arm-none-eabi/12.2.1/../../../../arm-none-eabi/lib/thumb/v7e-m+fp/hard/libc.a(libc_a-memcpy.o)
                0x080001c4                memcpy
 *(.text*)
 .text.deregister_tm_clones
                0x080002f8       0x1c /home/pansy/arm-gnu/arm-gnu/bin/../lib/gcc/arm-none-eabi/12.2.1/thumb/v7e-m+fp/hard/crtbegin.o
 .text.register_tm_clones
                0x08000314       0x24 /home/pansy/arm-gnu/arm-gnu/bin/../lib/gcc/arm-none-eabi/12.2.1/thumb/v7e-m+fp/hard/crtbegin.o
 .text.__do_global_dtors_aux
                0x08000338       0x28 /home/pansy/arm-gnu/arm-gnu/bin/../lib/gcc/arm-none-eabi/12.2.1/thumb/v7e-m+fp/hard/crtbegin.o
 .text.frame_dummy
                0x08000360       0x24 /home/pansy/arm-gnu/arm-gnu/bin/../lib/gcc/arm-none-eabi/12.2.1/thumb/v7e-m+fp/hard/crtbegin.o
 .text.fifo_put
                0x08000384       0x4a CMakeFiles/Engineering_A_2023_C_Board.elf.dir/Algorithm/src/fifo.c.obj
                0x08000384                fifo_put
 .text.fifo_get
                0x080003ce       0x4c CMakeFiles/Engineering_A_2023_C_Board.elf.dir/Algorithm/src/fifo.c.obj
                0x080003ce                fifo_get
 .text.fifo_get_noprotect
                0x0800041a       0x3c CMakeFiles/Engineering_A_2023_C_Board.elf.dir/Algorithm/src/fifo.c.obj
                0x0800041a                fifo_get_noprotect
 .text.fifo_is_empty
                0x08000456        0xa CMakeFiles/Engineering_A_2023_C_Board.elf.dir/Algorithm/src/fifo.c.obj
                0x08000456                fifo_is_empty
 .text.fifo_is_full
                0x08000460        0xa CMakeFiles/Engineering_A_2023_C_Board.elf.dir/Algorithm/src/fifo.c.obj
                0x08000460                fifo_is_full
 .text.first_order_filter
                0x0800046a       0x2a CMakeFiles/Engineering_A_2023_C_Board.elf.dir/Algorithm/src/filter.c.obj
                0x0800046a                first_order_filter
 .text.first_order_filter
                0x08000494       0x2a CMakeFiles/Engineering_A_2023_C_Board.elf.dir/Algorithm/src/pid.c.obj
 .text.f_Derivative_On_Measurement
                0x080004be       0x4a CMakeFiles/Engineering_A_2023_C_Board.elf.dir/Algorithm/src/pid.c.obj
 .text.f_StepIn
                0x08000508       0x5c CMakeFiles/Engineering_A_2023_C_Board.elf.dir/Algorithm/src/pid.c.obj
 .text.f_Separated_Integral
                0x08000564       0x26 CMakeFiles/Engineering_A_2023_C_Board.elf.dir/Algorithm/src/pid.c.obj
 .text.f_Integral_Limit
                0x0800058a       0x2e CMakeFiles/Engineering_A_2023_C_Board.elf.dir/Algorithm/src/pid.c.obj
 .text.Changing_Integration_Rate
                0x080005b8       0x50 CMakeFiles/Engineering_A_2023_C_Board.elf.dir/Algorithm/src/pid.c.obj
 .text.f_Output_Limit
                0x08000608       0x2e CMakeFiles/Engineering_A_2023_C_Board.elf.dir/Algorithm/src/pid.c.obj
 .text.PidInit  0x08000636       0x2a CMakeFiles/Engineering_A_2023_C_Board.elf.dir/Algorithm/src/pid.c.obj
                0x08000636                PidInit
 .text.PidInitMode
                0x08000660       0x7e CMakeFiles/Engineering_A_2023_C_Board.elf.dir/Algorithm/src/pid.c.obj
                0x08000660                PidInitMode
 .text.pid_clear
                0x080006de       0x24 CMakeFiles/Engineering_A_2023_C_Board.elf.dir/Algorithm/src/pid.c.obj
                0x080006de                pid_clear
 .text.PidCalculate
                0x08000702      0x14a CMakeFiles/Engineering_A_2023_C_Board.elf.dir/Algorithm/src/pid.c.obj
                0x08000702                PidCalculate
 .text.motor_position_speed_control
                0x0800084c       0x30 CMakeFiles/Engineering_A_2023_C_Board.elf.dir/Algorithm/src/pid.c.obj
                0x0800084c                motor_position_speed_control
 .text.Encoder_Struct_Zero
                0x0800087c        0xc CMakeFiles/Engineering_A_2023_C_Board.elf.dir/Bsp/Src/bsp_Motor_Encoder.c.obj
                0x0800087c                Encoder_Struct_Zero
 .text.Encoder_Init
                0x08000888       0xa8 CMakeFiles/Engineering_A_2023_C_Board.elf.dir/Bsp/Src/bsp_Motor_Encoder.c.obj
                0x08000888                Encoder_Init
 .text.Block_Detect
                0x08000930       0x48 CMakeFiles/Engineering_A_2023_C_Board.elf.dir/Bsp/Src/bsp_Motor_Encoder.c.obj
                0x08000930                Block_Detect
 .text.angle_limiting_int16
                0x08000978       0x1e CMakeFiles/Engineering_A_2023_C_Board.elf.dir/Bsp/Src/bsp_Motor_Encoder.c.obj
                0x08000978                angle_limiting_int16
 *fill*         0x08000996        0x2 
 .text.CAN_DATA_Encoder_Deal
                0x08000998       0xb8 CMakeFiles/Engineering_A_2023_C_Board.elf.dir/Bsp/Src/bsp_Motor_Encoder.c.obj
                0x08000998                CAN_DATA_Encoder_Deal
 .text.can_tx_mailbox_complete_hanle
                0x08000a50       0x70 CMakeFiles/Engineering_A_2023_C_Board.elf.dir/Bsp/Src/bsp_can.c.obj
 .text.ECF_CAN_Rx_Callback_Register
                0x08000ac0        0x6 CMakeFiles/Engineering_A_2023_C_Board.elf.dir/Bsp/Src/bsp_can.c.obj
                0x08000ac0                ECF_CAN_Rx_Callback_Register
 *fill*         0x08000ac6        0x2 
 .text.ECF_CAN_Send_Msg_FIFO
                0x08000ac8      0x10c CMakeFiles/Engineering_A_2023_C_Board.elf.dir/Bsp/Src/bsp_can.c.obj
                0x08000ac8                ECF_CAN_Send_Msg_FIFO
 .text.HAL_CAN_TxMailbox0CompleteCallback
                0x08000bd4       0x68 CMakeFiles/Engineering_A_2023_C_Board.elf.dir/Bsp/Src/bsp_can.c.obj
                0x08000bd4                HAL_CAN_TxMailbox0CompleteCallback
 .text.HAL_CAN_TxMailbox1CompleteCallback
                0x08000c3c       0x68 CMakeFiles/Engineering_A_2023_C_Board.elf.dir/Bsp/Src/bsp_can.c.obj
                0x08000c3c                HAL_CAN_TxMailbox1CompleteCallback
 .text.HAL_CAN_TxMailbox2CompleteCallback
                0x08000ca4       0x68 CMakeFiles/Engineering_A_2023_C_Board.elf.dir/Bsp/Src/bsp_can.c.obj
                0x08000ca4                HAL_CAN_TxMailbox2CompleteCallback
 .text.HAL_CAN_ErrorCallback
                0x08000d0c       0x70 CMakeFiles/Engineering_A_2023_C_Board.elf.dir/Bsp/Src/bsp_can.c.obj
                0x08000d0c                HAL_CAN_ErrorCallback
 .text.HAL_CAN_RxFifo0MsgPendingCallback
                0x08000d7c       0x50 CMakeFiles/Engineering_A_2023_C_Board.elf.dir/Bsp/Src/bsp_can.c.obj
                0x08000d7c                HAL_CAN_RxFifo0MsgPendingCallback
 .text.CAN1_C620_OR_C610_201_TO_204_SendMsg
                0x08000dcc       0x48 CMakeFiles/Engineering_A_2023_C_Board.elf.dir/Bsp/Src/bsp_can.c.obj
                0x08000dcc                CAN1_C620_OR_C610_201_TO_204_SendMsg
 .text.CAN1_C620_OR_C610_205_TO_208_SendMsg
                0x08000e14       0x48 CMakeFiles/Engineering_A_2023_C_Board.elf.dir/Bsp/Src/bsp_can.c.obj
                0x08000e14                CAN1_C620_OR_C610_205_TO_208_SendMsg
 .text.CAN1_GM6020_5_TO_8_SendMsg
                0x08000e5c       0x3c CMakeFiles/Engineering_A_2023_C_Board.elf.dir/Bsp/Src/bsp_can.c.obj
                0x08000e5c                CAN1_GM6020_5_TO_8_SendMsg
 .text.RC_abs   0x08000e98        0xc CMakeFiles/Engineering_A_2023_C_Board.elf.dir/Bsp/Src/bsp_dr16.c.obj
 .text.RC_Check_Data_IS_ERROR
                0x08000ea4       0x7c CMakeFiles/Engineering_A_2023_C_Board.elf.dir/Bsp/Src/bsp_dr16.c.obj
                0x08000ea4                RC_Check_Data_IS_ERROR
 .text.ECF_PWM_50HZ_Output_Init
                0x08000f20       0x3c CMakeFiles/Engineering_A_2023_C_Board.elf.dir/Bsp/Src/bsp_pwm.c.obj
                0x08000f20                ECF_PWM_50HZ_Output_Init
 .text.CAN_A2B_RC_Send
                0x08000f5c       0xa4 CMakeFiles/Engineering_A_2023_C_Board.elf.dir/Control/Src/BoardCommuni.c.obj
                0x08000f5c                CAN_A2B_RC_Send
 .text.MotorDataDeal
                0x08001000       0xf0 CMakeFiles/Engineering_A_2023_C_Board.elf.dir/Control/Src/GimbalMotor.c.obj
                0x08001000                MotorDataDeal
 .text.Return_Grasp_t_Pointer
                0x080010f0        0x8 CMakeFiles/Engineering_A_2023_C_Board.elf.dir/Control/Src/GimbalMotor.c.obj
                0x080010f0                Return_Grasp_t_Pointer
 .text.Gimbal_Motor_Init
                0x080010f8      0x3e4 CMakeFiles/Engineering_A_2023_C_Board.elf.dir/Control/Src/GimbalMotor.c.obj
                0x080010f8                Gimbal_Motor_Init
 .text.Gimbal_PowerOff_Drive
                0x080014dc        0x2 CMakeFiles/Engineering_A_2023_C_Board.elf.dir/Control/Src/GimbalMotor.c.obj
                0x080014dc                Gimbal_PowerOff_Drive
 .text.Forword_Motor_Drive
                0x080014de       0x42 CMakeFiles/Engineering_A_2023_C_Board.elf.dir/Control/Src/GimbalMotor.c.obj
                0x080014de                Forword_Motor_Drive
 .text.Arms_Drive
                0x08001520      0x184 CMakeFiles/Engineering_A_2023_C_Board.elf.dir/Control/Src/GimbalMotor.c.obj
                0x08001520                Arms_Drive
 .text.Three_Degrees_Arms_Init
                0x080016a4       0x48 CMakeFiles/Engineering_A_2023_C_Board.elf.dir/Control/Src/GimbalMotor.c.obj
                0x080016a4                Three_Degrees_Arms_Init
 .text.Rc_Deal  0x080016ec       0x50 CMakeFiles/Engineering_A_2023_C_Board.elf.dir/Control/Src/RemoteDeal.c.obj
 .text.Return_RemoteDeal_Point
                0x0800173c        0x8 CMakeFiles/Engineering_A_2023_C_Board.elf.dir/Control/Src/RemoteDeal.c.obj
                0x0800173c                Return_RemoteDeal_Point
 .text.Remote_Data_Deal
                0x08001744       0x28 CMakeFiles/Engineering_A_2023_C_Board.elf.dir/Control/Src/RemoteDeal.c.obj
                0x08001744                Remote_Data_Deal
 .text.MX_CAN1_Init
                0x0800176c       0x40 CMakeFiles/Engineering_A_2023_C_Board.elf.dir/Core/Src/can.c.obj
                0x0800176c                MX_CAN1_Init
 .text.MX_CAN2_Init
                0x080017ac       0x44 CMakeFiles/Engineering_A_2023_C_Board.elf.dir/Core/Src/can.c.obj
                0x080017ac                MX_CAN2_Init
 .text.HAL_CAN_MspInit
                0x080017f0      0x140 CMakeFiles/Engineering_A_2023_C_Board.elf.dir/Core/Src/can.c.obj
                0x080017f0                HAL_CAN_MspInit
 .text.MX_DMA_Init
                0x08001930       0x68 CMakeFiles/Engineering_A_2023_C_Board.elf.dir/Core/Src/dma.c.obj
                0x08001930                MX_DMA_Init
 .text.StartDefaultTask
                0x08001998        0xa CMakeFiles/Engineering_A_2023_C_Board.elf.dir/Core/Src/freertos.c.obj
                0x08001998                StartDefaultTask
 .text.vApplicationStackOverflowHook
                0x080019a2        0x2 CMakeFiles/Engineering_A_2023_C_Board.elf.dir/Core/Src/freertos.c.obj
                0x080019a2                vApplicationStackOverflowHook
 .text.vApplicationGetIdleTaskMemory
                0x080019a4       0x18 CMakeFiles/Engineering_A_2023_C_Board.elf.dir/Core/Src/freertos.c.obj
                0x080019a4                vApplicationGetIdleTaskMemory
 .text.MX_FREERTOS_Init
                0x080019bc       0xd4 CMakeFiles/Engineering_A_2023_C_Board.elf.dir/Core/Src/freertos.c.obj
                0x080019bc                MX_FREERTOS_Init
 .text.MX_GPIO_Init
                0x08001a90      0x168 CMakeFiles/Engineering_A_2023_C_Board.elf.dir/Core/Src/gpio.c.obj
                0x08001a90                MX_GPIO_Init
 .text.MX_I2C2_Init
                0x08001bf8       0x38 CMakeFiles/Engineering_A_2023_C_Board.elf.dir/Core/Src/i2c.c.obj
                0x08001bf8                MX_I2C2_Init
 .text.HAL_I2C_MspInit
                0x08001c30       0x6c CMakeFiles/Engineering_A_2023_C_Board.elf.dir/Core/Src/i2c.c.obj
                0x08001c30                HAL_I2C_MspInit
 .text.HAL_TIM_PeriodElapsedCallback
                0x08001c9c       0x12 CMakeFiles/Engineering_A_2023_C_Board.elf.dir/Core/Src/main.c.obj
                0x08001c9c                HAL_TIM_PeriodElapsedCallback
 .text.Error_Handler
                0x08001cae        0x4 CMakeFiles/Engineering_A_2023_C_Board.elf.dir/Core/Src/main.c.obj
                0x08001cae                Error_Handler
 *fill*         0x08001cb2        0x2 
 .text.SystemClock_Config
                0x08001cb4       0xa8 CMakeFiles/Engineering_A_2023_C_Board.elf.dir/Core/Src/main.c.obj
                0x08001cb4                SystemClock_Config
 .text.main     0x08001d5c       0x40 CMakeFiles/Engineering_A_2023_C_Board.elf.dir/Core/Src/main.c.obj
                0x08001d5c                main
 .text.MX_SPI1_Init
                0x08001d9c       0x48 CMakeFiles/Engineering_A_2023_C_Board.elf.dir/Core/Src/spi.c.obj
                0x08001d9c                MX_SPI1_Init
 .text.HAL_SPI_MspInit
                0x08001de4      0x130 CMakeFiles/Engineering_A_2023_C_Board.elf.dir/Core/Src/spi.c.obj
                0x08001de4                HAL_SPI_MspInit
 .text.HAL_MspInit
                0x08001f14       0x44 CMakeFiles/Engineering_A_2023_C_Board.elf.dir/Core/Src/stm32f4xx_hal_msp.c.obj
                0x08001f14                HAL_MspInit
 .text.HAL_InitTick
                0x08001f58       0xa4 CMakeFiles/Engineering_A_2023_C_Board.elf.dir/Core/Src/stm32f4xx_hal_timebase_tim.c.obj
                0x08001f58                HAL_InitTick
 .text.NMI_Handler
                0x08001ffc        0x2 CMakeFiles/Engineering_A_2023_C_Board.elf.dir/Core/Src/stm32f4xx_it.c.obj
                0x08001ffc                NMI_Handler
 .text.HardFault_Handler
                0x08001ffe        0x2 CMakeFiles/Engineering_A_2023_C_Board.elf.dir/Core/Src/stm32f4xx_it.c.obj
                0x08001ffe                HardFault_Handler
 .text.MemManage_Handler
                0x08002000        0x2 CMakeFiles/Engineering_A_2023_C_Board.elf.dir/Core/Src/stm32f4xx_it.c.obj
                0x08002000                MemManage_Handler
 .text.BusFault_Handler
                0x08002002        0x2 CMakeFiles/Engineering_A_2023_C_Board.elf.dir/Core/Src/stm32f4xx_it.c.obj
                0x08002002                BusFault_Handler
 .text.UsageFault_Handler
                0x08002004        0x2 CMakeFiles/Engineering_A_2023_C_Board.elf.dir/Core/Src/stm32f4xx_it.c.obj
                0x08002004                UsageFault_Handler
 .text.DebugMon_Handler
                0x08002006        0x2 CMakeFiles/Engineering_A_2023_C_Board.elf.dir/Core/Src/stm32f4xx_it.c.obj
                0x08002006                DebugMon_Handler
 .text.DMA1_Stream1_IRQHandler
                0x08002008       0x10 CMakeFiles/Engineering_A_2023_C_Board.elf.dir/Core/Src/stm32f4xx_it.c.obj
                0x08002008                DMA1_Stream1_IRQHandler
 .text.CAN1_TX_IRQHandler
                0x08002018       0x10 CMakeFiles/Engineering_A_2023_C_Board.elf.dir/Core/Src/stm32f4xx_it.c.obj
                0x08002018                CAN1_TX_IRQHandler
 .text.CAN1_RX0_IRQHandler
                0x08002028       0x10 CMakeFiles/Engineering_A_2023_C_Board.elf.dir/Core/Src/stm32f4xx_it.c.obj
                0x08002028                CAN1_RX0_IRQHandler
 .text.TIM1_UP_TIM10_IRQHandler
                0x08002038       0x18 CMakeFiles/Engineering_A_2023_C_Board.elf.dir/Core/Src/stm32f4xx_it.c.obj
                0x08002038                TIM1_UP_TIM10_IRQHandler
 .text.TIM2_IRQHandler
                0x08002050       0x10 CMakeFiles/Engineering_A_2023_C_Board.elf.dir/Core/Src/stm32f4xx_it.c.obj
                0x08002050                TIM2_IRQHandler
 .text.USART3_IRQHandler
                0x08002060       0x10 CMakeFiles/Engineering_A_2023_C_Board.elf.dir/Core/Src/stm32f4xx_it.c.obj
                0x08002060                USART3_IRQHandler
 .text.DMA2_Stream0_IRQHandler
                0x08002070       0x10 CMakeFiles/Engineering_A_2023_C_Board.elf.dir/Core/Src/stm32f4xx_it.c.obj
                0x08002070                DMA2_Stream0_IRQHandler
 .text.DMA2_Stream3_IRQHandler
                0x08002080       0x10 CMakeFiles/Engineering_A_2023_C_Board.elf.dir/Core/Src/stm32f4xx_it.c.obj
                0x08002080                DMA2_Stream3_IRQHandler
 .text.CAN2_TX_IRQHandler
                0x08002090       0x10 CMakeFiles/Engineering_A_2023_C_Board.elf.dir/Core/Src/stm32f4xx_it.c.obj
                0x08002090                CAN2_TX_IRQHandler
 .text.CAN2_RX0_IRQHandler
                0x080020a0       0x10 CMakeFiles/Engineering_A_2023_C_Board.elf.dir/Core/Src/stm32f4xx_it.c.obj
                0x080020a0                CAN2_RX0_IRQHandler
 .text.SystemInit
                0x080020b0       0x14 CMakeFiles/Engineering_A_2023_C_Board.elf.dir/Core/Src/system_stm32f4xx.c.obj
                0x080020b0                SystemInit
 .text.HAL_TIM_PWM_MspInit
                0x080020c4       0x40 CMakeFiles/Engineering_A_2023_C_Board.elf.dir/Core/Src/tim.c.obj
                0x080020c4                HAL_TIM_PWM_MspInit
 .text.HAL_TIM_Base_MspInit
                0x08002104       0x68 CMakeFiles/Engineering_A_2023_C_Board.elf.dir/Core/Src/tim.c.obj
                0x08002104                HAL_TIM_Base_MspInit
 .text.HAL_TIM_MspPostInit
                0x0800216c       0xdc CMakeFiles/Engineering_A_2023_C_Board.elf.dir/Core/Src/tim.c.obj
                0x0800216c                HAL_TIM_MspPostInit
 .text.MX_TIM1_Init
                0x08002248       0xbc CMakeFiles/Engineering_A_2023_C_Board.elf.dir/Core/Src/tim.c.obj
                0x08002248                MX_TIM1_Init
 .text.MX_TIM4_Init
                0x08002304       0xac CMakeFiles/Engineering_A_2023_C_Board.elf.dir/Core/Src/tim.c.obj
                0x08002304                MX_TIM4_Init
 .text.MX_TIM10_Init
                0x080023b0       0x78 CMakeFiles/Engineering_A_2023_C_Board.elf.dir/Core/Src/tim.c.obj
                0x080023b0                MX_TIM10_Init
 .text.MX_USART3_UART_Init
                0x08002428       0x3c CMakeFiles/Engineering_A_2023_C_Board.elf.dir/Core/Src/usart.c.obj
                0x08002428                MX_USART3_UART_Init
 .text.HAL_UART_MspInit
                0x08002464       0xc0 CMakeFiles/Engineering_A_2023_C_Board.elf.dir/Core/Src/usart.c.obj
                0x08002464                HAL_UART_MspInit
 .text.MX_USB_OTG_FS_PCD_Init
                0x08002524       0x34 CMakeFiles/Engineering_A_2023_C_Board.elf.dir/Core/Src/usb_otg.c.obj
                0x08002524                MX_USB_OTG_FS_PCD_Init
 .text.HAL_PCD_MspInit
                0x08002558       0x74 CMakeFiles/Engineering_A_2023_C_Board.elf.dir/Core/Src/usb_otg.c.obj
                0x08002558                HAL_PCD_MspInit
 .text.Reset_Handler
                0x080025cc       0x50 CMakeFiles/Engineering_A_2023_C_Board.elf.dir/Core/Startup/startup_stm32f407ighx.s.obj
                0x080025cc                Reset_Handler
 .text.Default_Handler
                0x0800261c        0x2 CMakeFiles/Engineering_A_2023_C_Board.elf.dir/Core/Startup/startup_stm32f407ighx.s.obj
                0x0800261c                RTC_Alarm_IRQHandler
                0x0800261c                HASH_RNG_IRQHandler
                0x0800261c                EXTI2_IRQHandler
                0x0800261c                TIM8_CC_IRQHandler
                0x0800261c                TIM1_CC_IRQHandler
                0x0800261c                DMA2_Stream5_IRQHandler
                0x0800261c                DMA1_Stream5_IRQHandler
                0x0800261c                PVD_IRQHandler
                0x0800261c                SDIO_IRQHandler
                0x0800261c                TAMP_STAMP_IRQHandler
                0x0800261c                CAN2_RX1_IRQHandler
                0x0800261c                EXTI3_IRQHandler
                0x0800261c                TIM8_TRG_COM_TIM14_IRQHandler
                0x0800261c                TIM8_UP_TIM13_IRQHandler
                0x0800261c                I2C3_ER_IRQHandler
                0x0800261c                EXTI0_IRQHandler
                0x0800261c                I2C2_EV_IRQHandler
                0x0800261c                DMA1_Stream2_IRQHandler
                0x0800261c                FPU_IRQHandler
                0x0800261c                OTG_HS_WKUP_IRQHandler
                0x0800261c                CAN2_SCE_IRQHandler
                0x0800261c                DMA2_Stream2_IRQHandler
                0x0800261c                SPI1_IRQHandler
                0x0800261c                TIM6_DAC_IRQHandler
                0x0800261c                TIM1_BRK_TIM9_IRQHandler
                0x0800261c                DCMI_IRQHandler
                0x0800261c                USART6_IRQHandler
                0x0800261c                CAN1_RX1_IRQHandler
                0x0800261c                UART5_IRQHandler
                0x0800261c                TIM4_IRQHandler
                0x0800261c                I2C1_EV_IRQHandler
                0x0800261c                DMA1_Stream6_IRQHandler
                0x0800261c                UART4_IRQHandler
                0x0800261c                TIM3_IRQHandler
                0x0800261c                RCC_IRQHandler
                0x0800261c                TIM8_BRK_TIM12_IRQHandler
                0x0800261c                Default_Handler
                0x0800261c                EXTI15_10_IRQHandler
                0x0800261c                ADC_IRQHandler
                0x0800261c                DMA1_Stream7_IRQHandler
                0x0800261c                TIM7_IRQHandler
                0x0800261c                TIM5_IRQHandler
                0x0800261c                DMA2_Stream7_IRQHandler
                0x0800261c                I2C3_EV_IRQHandler
                0x0800261c                EXTI9_5_IRQHandler
                0x0800261c                RTC_WKUP_IRQHandler
                0x0800261c                ETH_WKUP_IRQHandler
                0x0800261c                SPI2_IRQHandler
                0x0800261c                OTG_HS_EP1_IN_IRQHandler
                0x0800261c                DMA1_Stream0_IRQHandler
                0x0800261c                EXTI4_IRQHandler
                0x0800261c                FSMC_IRQHandler
                0x0800261c                ETH_IRQHandler
                0x0800261c                OTG_HS_EP1_OUT_IRQHandler
                0x0800261c                WWDG_IRQHandler
                0x0800261c                OTG_FS_WKUP_IRQHandler
                0x0800261c                TIM1_TRG_COM_TIM11_IRQHandler
                0x0800261c                OTG_HS_IRQHandler
                0x0800261c                EXTI1_IRQHandler
                0x0800261c                USART2_IRQHandler
                0x0800261c                I2C2_ER_IRQHandler
                0x0800261c                DMA2_Stream1_IRQHandler
                0x0800261c                CAN1_SCE_IRQHandler
                0x0800261c                FLASH_IRQHandler
                0x0800261c                DMA2_Stream4_IRQHandler
                0x0800261c                USART1_IRQHandler
                0x0800261c                OTG_FS_IRQHandler
                0x0800261c                SPI3_IRQHandler
                0x0800261c                DMA1_Stream4_IRQHandler
                0x0800261c                I2C1_ER_IRQHandler
                0x0800261c                DMA2_Stream6_IRQHandler
                0x0800261c                DMA1_Stream3_IRQHandler
 *fill*         0x0800261e        0x2 
 .text.HAL_Init
                0x08002620       0x34 CMakeFiles/Engineering_A_2023_C_Board.elf.dir/Drivers/STM32F4xx_HAL_Driver/Src/stm32f4xx_hal.c.obj
                0x08002620                HAL_Init
 .text.HAL_IncTick
                0x08002654       0x18 CMakeFiles/Engineering_A_2023_C_Board.elf.dir/Drivers/STM32F4xx_HAL_Driver/Src/stm32f4xx_hal.c.obj
                0x08002654                HAL_IncTick
 .text.HAL_GetTick
                0x0800266c        0xc CMakeFiles/Engineering_A_2023_C_Board.elf.dir/Drivers/STM32F4xx_HAL_Driver/Src/stm32f4xx_hal.c.obj
                0x0800266c                HAL_GetTick
 .text.HAL_Delay
                0x08002678       0x28 CMakeFiles/Engineering_A_2023_C_Board.elf.dir/Drivers/STM32F4xx_HAL_Driver/Src/stm32f4xx_hal.c.obj
                0x08002678                HAL_Delay
 .text.HAL_CAN_Init
                0x080026a0      0x14c CMakeFiles/Engineering_A_2023_C_Board.elf.dir/Drivers/STM32F4xx_HAL_Driver/Src/stm32f4xx_hal_can.c.obj
                0x080026a0                HAL_CAN_Init
 .text.HAL_CAN_AddTxMessage
                0x080027ec       0xfc CMakeFiles/Engineering_A_2023_C_Board.elf.dir/Drivers/STM32F4xx_HAL_Driver/Src/stm32f4xx_hal_can.c.obj
                0x080027ec                HAL_CAN_AddTxMessage
 .text.HAL_CAN_GetTxMailboxesFreeLevel
                0x080028e8       0x32 CMakeFiles/Engineering_A_2023_C_Board.elf.dir/Drivers/STM32F4xx_HAL_Driver/Src/stm32f4xx_hal_can.c.obj
                0x080028e8                HAL_CAN_GetTxMailboxesFreeLevel
 .text.HAL_CAN_GetRxMessage
                0x0800291a      0x14a CMakeFiles/Engineering_A_2023_C_Board.elf.dir/Drivers/STM32F4xx_HAL_Driver/Src/stm32f4xx_hal_can.c.obj
                0x0800291a                HAL_CAN_GetRxMessage
 .text.HAL_CAN_TxMailbox0AbortCallback
                0x08002a64        0x2 CMakeFiles/Engineering_A_2023_C_Board.elf.dir/Drivers/STM32F4xx_HAL_Driver/Src/stm32f4xx_hal_can.c.obj
                0x08002a64                HAL_CAN_TxMailbox0AbortCallback
 .text.HAL_CAN_TxMailbox1AbortCallback
                0x08002a66        0x2 CMakeFiles/Engineering_A_2023_C_Board.elf.dir/Drivers/STM32F4xx_HAL_Driver/Src/stm32f4xx_hal_can.c.obj
                0x08002a66                HAL_CAN_TxMailbox1AbortCallback
 .text.HAL_CAN_TxMailbox2AbortCallback
                0x08002a68        0x2 CMakeFiles/Engineering_A_2023_C_Board.elf.dir/Drivers/STM32F4xx_HAL_Driver/Src/stm32f4xx_hal_can.c.obj
                0x08002a68                HAL_CAN_TxMailbox2AbortCallback
 .text.HAL_CAN_RxFifo0FullCallback
                0x08002a6a        0x2 CMakeFiles/Engineering_A_2023_C_Board.elf.dir/Drivers/STM32F4xx_HAL_Driver/Src/stm32f4xx_hal_can.c.obj
                0x08002a6a                HAL_CAN_RxFifo0FullCallback
 .text.HAL_CAN_RxFifo1MsgPendingCallback
                0x08002a6c        0x2 CMakeFiles/Engineering_A_2023_C_Board.elf.dir/Drivers/STM32F4xx_HAL_Driver/Src/stm32f4xx_hal_can.c.obj
                0x08002a6c                HAL_CAN_RxFifo1MsgPendingCallback
 .text.HAL_CAN_RxFifo1FullCallback
                0x08002a6e        0x2 CMakeFiles/Engineering_A_2023_C_Board.elf.dir/Drivers/STM32F4xx_HAL_Driver/Src/stm32f4xx_hal_can.c.obj
                0x08002a6e                HAL_CAN_RxFifo1FullCallback
 .text.HAL_CAN_SleepCallback
                0x08002a70        0x2 CMakeFiles/Engineering_A_2023_C_Board.elf.dir/Drivers/STM32F4xx_HAL_Driver/Src/stm32f4xx_hal_can.c.obj
                0x08002a70                HAL_CAN_SleepCallback
 .text.HAL_CAN_WakeUpFromRxMsgCallback
                0x08002a72        0x2 CMakeFiles/Engineering_A_2023_C_Board.elf.dir/Drivers/STM32F4xx_HAL_Driver/Src/stm32f4xx_hal_can.c.obj
                0x08002a72                HAL_CAN_WakeUpFromRxMsgCallback
 .text.HAL_CAN_IRQHandler
                0x08002a74      0x24a CMakeFiles/Engineering_A_2023_C_Board.elf.dir/Drivers/STM32F4xx_HAL_Driver/Src/stm32f4xx_hal_can.c.obj
                0x08002a74                HAL_CAN_IRQHandler
 .text.HAL_CAN_ResetError
                0x08002cbe       0x20 CMakeFiles/Engineering_A_2023_C_Board.elf.dir/Drivers/STM32F4xx_HAL_Driver/Src/stm32f4xx_hal_can.c.obj
                0x08002cbe                HAL_CAN_ResetError
 *fill*         0x08002cde        0x2 
 .text.__NVIC_SetPriority
                0x08002ce0       0x28 CMakeFiles/Engineering_A_2023_C_Board.elf.dir/Drivers/STM32F4xx_HAL_Driver/Src/stm32f4xx_hal_cortex.c.obj
 .text.NVIC_EncodePriority
                0x08002d08       0x3e CMakeFiles/Engineering_A_2023_C_Board.elf.dir/Drivers/STM32F4xx_HAL_Driver/Src/stm32f4xx_hal_cortex.c.obj
 *fill*         0x08002d46        0x2 
 .text.HAL_NVIC_SetPriorityGrouping
                0x08002d48       0x24 CMakeFiles/Engineering_A_2023_C_Board.elf.dir/Drivers/STM32F4xx_HAL_Driver/Src/stm32f4xx_hal_cortex.c.obj
                0x08002d48                HAL_NVIC_SetPriorityGrouping
 .text.HAL_NVIC_SetPriority
                0x08002d6c       0x20 CMakeFiles/Engineering_A_2023_C_Board.elf.dir/Drivers/STM32F4xx_HAL_Driver/Src/stm32f4xx_hal_cortex.c.obj
                0x08002d6c                HAL_NVIC_SetPriority
 .text.HAL_NVIC_EnableIRQ
                0x08002d8c       0x1c CMakeFiles/Engineering_A_2023_C_Board.elf.dir/Drivers/STM32F4xx_HAL_Driver/Src/stm32f4xx_hal_cortex.c.obj
                0x08002d8c                HAL_NVIC_EnableIRQ
 .text.DMA_CalcBaseAndBitshift
                0x08002da8       0x44 CMakeFiles/Engineering_A_2023_C_Board.elf.dir/Drivers/STM32F4xx_HAL_Driver/Src/stm32f4xx_hal_dma.c.obj
 .text.DMA_CheckFifoParam
                0x08002dec       0x8e CMakeFiles/Engineering_A_2023_C_Board.elf.dir/Drivers/STM32F4xx_HAL_Driver/Src/stm32f4xx_hal_dma.c.obj
 *fill*         0x08002e7a        0x2 
 .text.HAL_DMA_Init
                0x08002e7c       0xcc CMakeFiles/Engineering_A_2023_C_Board.elf.dir/Drivers/STM32F4xx_HAL_Driver/Src/stm32f4xx_hal_dma.c.obj
                0x08002e7c                HAL_DMA_Init
 .text.HAL_DMA_Abort
                0x08002f48       0x94 CMakeFiles/Engineering_A_2023_C_Board.elf.dir/Drivers/STM32F4xx_HAL_Driver/Src/stm32f4xx_hal_dma.c.obj
                0x08002f48                HAL_DMA_Abort
 .text.HAL_DMA_Abort_IT
                0x08002fdc       0x26 CMakeFiles/Engineering_A_2023_C_Board.elf.dir/Drivers/STM32F4xx_HAL_Driver/Src/stm32f4xx_hal_dma.c.obj
                0x08002fdc                HAL_DMA_Abort_IT
 *fill*         0x08003002        0x2 
 .text.HAL_DMA_IRQHandler
                0x08003004      0x1dc CMakeFiles/Engineering_A_2023_C_Board.elf.dir/Drivers/STM32F4xx_HAL_Driver/Src/stm32f4xx_hal_dma.c.obj
                0x08003004                HAL_DMA_IRQHandler
 .text.HAL_GPIO_Init
                0x080031e0      0x1ec CMakeFiles/Engineering_A_2023_C_Board.elf.dir/Drivers/STM32F4xx_HAL_Driver/Src/stm32f4xx_hal_gpio.c.obj
                0x080031e0                HAL_GPIO_Init
 .text.HAL_GPIO_WritePin
                0x080033cc        0xc CMakeFiles/Engineering_A_2023_C_Board.elf.dir/Drivers/STM32F4xx_HAL_Driver/Src/stm32f4xx_hal_gpio.c.obj
                0x080033cc                HAL_GPIO_WritePin
 .text.HAL_I2C_Init
                0x080033d8      0x1bc CMakeFiles/Engineering_A_2023_C_Board.elf.dir/Drivers/STM32F4xx_HAL_Driver/Src/stm32f4xx_hal_i2c.c.obj
                0x080033d8                HAL_I2C_Init
 .text.HAL_PCD_Init
                0x08003594      0x12e CMakeFiles/Engineering_A_2023_C_Board.elf.dir/Drivers/STM32F4xx_HAL_Driver/Src/stm32f4xx_hal_pcd.c.obj
                0x08003594                HAL_PCD_Init
 *fill*         0x080036c2        0x2 
 .text.HAL_RCC_OscConfig
                0x080036c4      0x3f8 CMakeFiles/Engineering_A_2023_C_Board.elf.dir/Drivers/STM32F4xx_HAL_Driver/Src/stm32f4xx_hal_rcc.c.obj
                0x080036c4                HAL_RCC_OscConfig
 .text.HAL_RCC_GetSysClockFreq
                0x08003abc       0xa8 CMakeFiles/Engineering_A_2023_C_Board.elf.dir/Drivers/STM32F4xx_HAL_Driver/Src/stm32f4xx_hal_rcc.c.obj
                0x08003abc                HAL_RCC_GetSysClockFreq
 .text.HAL_RCC_ClockConfig
                0x08003b64      0x160 CMakeFiles/Engineering_A_2023_C_Board.elf.dir/Drivers/STM32F4xx_HAL_Driver/Src/stm32f4xx_hal_rcc.c.obj
                0x08003b64                HAL_RCC_ClockConfig
 .text.HAL_RCC_GetHCLKFreq
                0x08003cc4        0xc CMakeFiles/Engineering_A_2023_C_Board.elf.dir/Drivers/STM32F4xx_HAL_Driver/Src/stm32f4xx_hal_rcc.c.obj
                0x08003cc4                HAL_RCC_GetHCLKFreq
 .text.HAL_RCC_GetPCLK1Freq
                0x08003cd0       0x20 CMakeFiles/Engineering_A_2023_C_Board.elf.dir/Drivers/STM32F4xx_HAL_Driver/Src/stm32f4xx_hal_rcc.c.obj
                0x08003cd0                HAL_RCC_GetPCLK1Freq
 .text.HAL_RCC_GetPCLK2Freq
                0x08003cf0       0x20 CMakeFiles/Engineering_A_2023_C_Board.elf.dir/Drivers/STM32F4xx_HAL_Driver/Src/stm32f4xx_hal_rcc.c.obj
                0x08003cf0                HAL_RCC_GetPCLK2Freq
 .text.HAL_RCC_GetClockConfig
                0x08003d10       0x3c CMakeFiles/Engineering_A_2023_C_Board.elf.dir/Drivers/STM32F4xx_HAL_Driver/Src/stm32f4xx_hal_rcc.c.obj
                0x08003d10                HAL_RCC_GetClockConfig
 .text.HAL_SPI_Init
                0x08003d4c       0xbe CMakeFiles/Engineering_A_2023_C_Board.elf.dir/Drivers/STM32F4xx_HAL_Driver/Src/stm32f4xx_hal_spi.c.obj
                0x08003d4c                HAL_SPI_Init
 *fill*         0x08003e0a        0x2 
 .text.TIM_OC1_SetConfig
                0x08003e0c       0x70 CMakeFiles/Engineering_A_2023_C_Board.elf.dir/Drivers/STM32F4xx_HAL_Driver/Src/stm32f4xx_hal_tim.c.obj
 .text.TIM_OC3_SetConfig
                0x08003e7c       0x70 CMakeFiles/Engineering_A_2023_C_Board.elf.dir/Drivers/STM32F4xx_HAL_Driver/Src/stm32f4xx_hal_tim.c.obj
 .text.TIM_OC4_SetConfig
                0x08003eec       0x50 CMakeFiles/Engineering_A_2023_C_Board.elf.dir/Drivers/STM32F4xx_HAL_Driver/Src/stm32f4xx_hal_tim.c.obj
 .text.TIM_TI1_ConfigInputStage
                0x08003f3c       0x26 CMakeFiles/Engineering_A_2023_C_Board.elf.dir/Drivers/STM32F4xx_HAL_Driver/Src/stm32f4xx_hal_tim.c.obj
 .text.TIM_TI2_ConfigInputStage
                0x08003f62       0x28 CMakeFiles/Engineering_A_2023_C_Board.elf.dir/Drivers/STM32F4xx_HAL_Driver/Src/stm32f4xx_hal_tim.c.obj
 .text.TIM_ITRx_SetConfig
                0x08003f8a       0x10 CMakeFiles/Engineering_A_2023_C_Board.elf.dir/Drivers/STM32F4xx_HAL_Driver/Src/stm32f4xx_hal_tim.c.obj
 *fill*         0x08003f9a        0x2 
 .text.HAL_TIM_Base_Start
                0x08003f9c       0x7c CMakeFiles/Engineering_A_2023_C_Board.elf.dir/Drivers/STM32F4xx_HAL_Driver/Src/stm32f4xx_hal_tim.c.obj
                0x08003f9c                HAL_TIM_Base_Start
 .text.HAL_TIM_Base_Start_IT
                0x08004018       0x88 CMakeFiles/Engineering_A_2023_C_Board.elf.dir/Drivers/STM32F4xx_HAL_Driver/Src/stm32f4xx_hal_tim.c.obj
                0x08004018                HAL_TIM_Base_Start_IT
 .text.HAL_TIM_OC_DelayElapsedCallback
                0x080040a0        0x2 CMakeFiles/Engineering_A_2023_C_Board.elf.dir/Drivers/STM32F4xx_HAL_Driver/Src/stm32f4xx_hal_tim.c.obj
                0x080040a0                HAL_TIM_OC_DelayElapsedCallback
 .text.HAL_TIM_IC_CaptureCallback
                0x080040a2        0x2 CMakeFiles/Engineering_A_2023_C_Board.elf.dir/Drivers/STM32F4xx_HAL_Driver/Src/stm32f4xx_hal_tim.c.obj
                0x080040a2                HAL_TIM_IC_CaptureCallback
 .text.HAL_TIM_PWM_PulseFinishedCallback
                0x080040a4        0x2 CMakeFiles/Engineering_A_2023_C_Board.elf.dir/Drivers/STM32F4xx_HAL_Driver/Src/stm32f4xx_hal_tim.c.obj
                0x080040a4                HAL_TIM_PWM_PulseFinishedCallback
 .text.HAL_TIM_TriggerCallback
                0x080040a6        0x2 CMakeFiles/Engineering_A_2023_C_Board.elf.dir/Drivers/STM32F4xx_HAL_Driver/Src/stm32f4xx_hal_tim.c.obj
                0x080040a6                HAL_TIM_TriggerCallback
 .text.HAL_TIM_IRQHandler
                0x080040a8      0x17a CMakeFiles/Engineering_A_2023_C_Board.elf.dir/Drivers/STM32F4xx_HAL_Driver/Src/stm32f4xx_hal_tim.c.obj
                0x080040a8                HAL_TIM_IRQHandler
 *fill*         0x08004222        0x2 
 .text.TIM_Base_SetConfig
                0x08004224       0xc8 CMakeFiles/Engineering_A_2023_C_Board.elf.dir/Drivers/STM32F4xx_HAL_Driver/Src/stm32f4xx_hal_tim.c.obj
                0x08004224                TIM_Base_SetConfig
 .text.HAL_TIM_Base_Init
                0x080042ec       0x58 CMakeFiles/Engineering_A_2023_C_Board.elf.dir/Drivers/STM32F4xx_HAL_Driver/Src/stm32f4xx_hal_tim.c.obj
                0x080042ec                HAL_TIM_Base_Init
 .text.HAL_TIM_PWM_Init
                0x08004344       0x58 CMakeFiles/Engineering_A_2023_C_Board.elf.dir/Drivers/STM32F4xx_HAL_Driver/Src/stm32f4xx_hal_tim.c.obj
                0x08004344                HAL_TIM_PWM_Init
 .text.TIM_OC2_SetConfig
                0x0800439c       0x70 CMakeFiles/Engineering_A_2023_C_Board.elf.dir/Drivers/STM32F4xx_HAL_Driver/Src/stm32f4xx_hal_tim.c.obj
                0x0800439c                TIM_OC2_SetConfig
 .text.HAL_TIM_PWM_ConfigChannel
                0x0800440c       0xdc CMakeFiles/Engineering_A_2023_C_Board.elf.dir/Drivers/STM32F4xx_HAL_Driver/Src/stm32f4xx_hal_tim.c.obj
                0x0800440c                HAL_TIM_PWM_ConfigChannel
 .text.TIM_ETR_SetConfig
                0x080044e8       0x1a CMakeFiles/Engineering_A_2023_C_Board.elf.dir/Drivers/STM32F4xx_HAL_Driver/Src/stm32f4xx_hal_tim.c.obj
                0x080044e8                TIM_ETR_SetConfig
 .text.HAL_TIM_ConfigClockSource
                0x08004502       0xfe CMakeFiles/Engineering_A_2023_C_Board.elf.dir/Drivers/STM32F4xx_HAL_Driver/Src/stm32f4xx_hal_tim.c.obj
                0x08004502                HAL_TIM_ConfigClockSource
 .text.TIM_CCxChannelCmd
                0x08004600       0x1e CMakeFiles/Engineering_A_2023_C_Board.elf.dir/Drivers/STM32F4xx_HAL_Driver/Src/stm32f4xx_hal_tim.c.obj
                0x08004600                TIM_CCxChannelCmd
 *fill*         0x0800461e        0x2 
 .text.HAL_TIM_PWM_Start
                0x08004620      0x104 CMakeFiles/Engineering_A_2023_C_Board.elf.dir/Drivers/STM32F4xx_HAL_Driver/Src/stm32f4xx_hal_tim.c.obj
                0x08004620                HAL_TIM_PWM_Start
 .text.HAL_TIMEx_MasterConfigSynchronization
                0x08004724       0x8c CMakeFiles/Engineering_A_2023_C_Board.elf.dir/Drivers/STM32F4xx_HAL_Driver/Src/stm32f4xx_hal_tim_ex.c.obj
                0x08004724                HAL_TIMEx_MasterConfigSynchronization
 .text.HAL_TIMEx_ConfigBreakDeadTime
                0x080047b0       0x52 CMakeFiles/Engineering_A_2023_C_Board.elf.dir/Drivers/STM32F4xx_HAL_Driver/Src/stm32f4xx_hal_tim_ex.c.obj
                0x080047b0                HAL_TIMEx_ConfigBreakDeadTime
 .text.HAL_TIMEx_CommutCallback
                0x08004802        0x2 CMakeFiles/Engineering_A_2023_C_Board.elf.dir/Drivers/STM32F4xx_HAL_Driver/Src/stm32f4xx_hal_tim_ex.c.obj
                0x08004802                HAL_TIMEx_CommutCallback
 .text.HAL_TIMEx_BreakCallback
                0x08004804        0x2 CMakeFiles/Engineering_A_2023_C_Board.elf.dir/Drivers/STM32F4xx_HAL_Driver/Src/stm32f4xx_hal_tim_ex.c.obj
                0x08004804                HAL_TIMEx_BreakCallback
 .text.UART_EndRxTransfer
                0x08004806       0x5c CMakeFiles/Engineering_A_2023_C_Board.elf.dir/Drivers/STM32F4xx_HAL_Driver/Src/stm32f4xx_hal_uart.c.obj
 .text.UART_Transmit_IT
                0x08004862       0x60 CMakeFiles/Engineering_A_2023_C_Board.elf.dir/Drivers/STM32F4xx_HAL_Driver/Src/stm32f4xx_hal_uart.c.obj
 *fill*         0x080048c2        0x2 
 .text.UART_SetConfig
                0x080048c4      0x110 CMakeFiles/Engineering_A_2023_C_Board.elf.dir/Drivers/STM32F4xx_HAL_Driver/Src/stm32f4xx_hal_uart.c.obj
 .text.HAL_UART_Init
                0x080049d4       0x5e CMakeFiles/Engineering_A_2023_C_Board.elf.dir/Drivers/STM32F4xx_HAL_Driver/Src/stm32f4xx_hal_uart.c.obj
                0x080049d4                HAL_UART_Init
 .text.HAL_UART_TxCpltCallback
                0x08004a32        0x2 CMakeFiles/Engineering_A_2023_C_Board.elf.dir/Drivers/STM32F4xx_HAL_Driver/Src/stm32f4xx_hal_uart.c.obj
                0x08004a32                HAL_UART_TxCpltCallback
 .text.UART_EndTransmit_IT
                0x08004a34       0x1a CMakeFiles/Engineering_A_2023_C_Board.elf.dir/Drivers/STM32F4xx_HAL_Driver/Src/stm32f4xx_hal_uart.c.obj
 .text.HAL_UART_RxCpltCallback
                0x08004a4e        0x2 CMakeFiles/Engineering_A_2023_C_Board.elf.dir/Drivers/STM32F4xx_HAL_Driver/Src/stm32f4xx_hal_uart.c.obj
                0x08004a4e                HAL_UART_RxCpltCallback
 .text.HAL_UART_ErrorCallback
                0x08004a50        0x2 CMakeFiles/Engineering_A_2023_C_Board.elf.dir/Drivers/STM32F4xx_HAL_Driver/Src/stm32f4xx_hal_uart.c.obj
                0x08004a50                HAL_UART_ErrorCallback
 .text.UART_DMAAbortOnError
                0x08004a52       0x10 CMakeFiles/Engineering_A_2023_C_Board.elf.dir/Drivers/STM32F4xx_HAL_Driver/Src/stm32f4xx_hal_uart.c.obj
 .text.HAL_UARTEx_RxEventCallback
                0x08004a62        0x2 CMakeFiles/Engineering_A_2023_C_Board.elf.dir/Drivers/STM32F4xx_HAL_Driver/Src/stm32f4xx_hal_uart.c.obj
                0x08004a62                HAL_UARTEx_RxEventCallback
 .text.UART_Receive_IT
                0x08004a64       0xe2 CMakeFiles/Engineering_A_2023_C_Board.elf.dir/Drivers/STM32F4xx_HAL_Driver/Src/stm32f4xx_hal_uart.c.obj
 *fill*         0x08004b46        0x2 
 .text.HAL_UART_IRQHandler
                0x08004b48      0x27c CMakeFiles/Engineering_A_2023_C_Board.elf.dir/Drivers/STM32F4xx_HAL_Driver/Src/stm32f4xx_hal_uart.c.obj
                0x08004b48                HAL_UART_IRQHandler
 .text.USB_CoreReset
                0x08004dc4       0x50 CMakeFiles/Engineering_A_2023_C_Board.elf.dir/Drivers/STM32F4xx_HAL_Driver/Src/stm32f4xx_ll_usb.c.obj
 .text.USB_CoreInit
                0x08004e14       0x8a CMakeFiles/Engineering_A_2023_C_Board.elf.dir/Drivers/STM32F4xx_HAL_Driver/Src/stm32f4xx_ll_usb.c.obj
                0x08004e14                USB_CoreInit
 .text.USB_DisableGlobalInt
                0x08004e9e        0xc CMakeFiles/Engineering_A_2023_C_Board.elf.dir/Drivers/STM32F4xx_HAL_Driver/Src/stm32f4xx_ll_usb.c.obj
                0x08004e9e                USB_DisableGlobalInt
 *fill*         0x08004eaa        0x2 
 .text.USB_FlushTxFifo
                0x08004eac       0x50 CMakeFiles/Engineering_A_2023_C_Board.elf.dir/Drivers/STM32F4xx_HAL_Driver/Src/stm32f4xx_ll_usb.c.obj
                0x08004eac                USB_FlushTxFifo
 .text.USB_FlushRxFifo
                0x08004efc       0x4c CMakeFiles/Engineering_A_2023_C_Board.elf.dir/Drivers/STM32F4xx_HAL_Driver/Src/stm32f4xx_ll_usb.c.obj
                0x08004efc                USB_FlushRxFifo
 .text.USB_SetDevSpeed
                0x08004f48        0xe CMakeFiles/Engineering_A_2023_C_Board.elf.dir/Drivers/STM32F4xx_HAL_Driver/Src/stm32f4xx_ll_usb.c.obj
                0x08004f48                USB_SetDevSpeed
 *fill*         0x08004f56        0x2 
 .text.USB_DevInit
                0x08004f58      0x190 CMakeFiles/Engineering_A_2023_C_Board.elf.dir/Drivers/STM32F4xx_HAL_Driver/Src/stm32f4xx_ll_usb.c.obj
                0x08004f58                USB_DevInit
 .text.USB_DevDisconnect
                0x080050e8       0x1c CMakeFiles/Engineering_A_2023_C_Board.elf.dir/Drivers/STM32F4xx_HAL_Driver/Src/stm32f4xx_ll_usb.c.obj
                0x080050e8                USB_DevDisconnect
 .text.USB_GetMode
                0x08005104        0x8 CMakeFiles/Engineering_A_2023_C_Board.elf.dir/Drivers/STM32F4xx_HAL_Driver/Src/stm32f4xx_ll_usb.c.obj
                0x08005104                USB_GetMode
 .text.USB_SetCurrentMode
                0x0800510c       0x62 CMakeFiles/Engineering_A_2023_C_Board.elf.dir/Drivers/STM32F4xx_HAL_Driver/Src/stm32f4xx_ll_usb.c.obj
                0x0800510c                USB_SetCurrentMode
 .text.makeFreeRtosPriority
                0x0800516e        0xc CMakeFiles/Engineering_A_2023_C_Board.elf.dir/Middlewares/Third_Party/FreeRTOS/Source/CMSIS_RTOS/cmsis_os.c.obj
 .text.osKernelStart
                0x0800517a        0xa CMakeFiles/Engineering_A_2023_C_Board.elf.dir/Middlewares/Third_Party/FreeRTOS/Source/CMSIS_RTOS/cmsis_os.c.obj
                0x0800517a                osKernelStart
 .text.osThreadCreate
                0x08005184       0x66 CMakeFiles/Engineering_A_2023_C_Board.elf.dir/Middlewares/Third_Party/FreeRTOS/Source/CMSIS_RTOS/cmsis_os.c.obj
                0x08005184                osThreadCreate
 .text.osDelay  0x080051ea        0xe CMakeFiles/Engineering_A_2023_C_Board.elf.dir/Middlewares/Third_Party/FreeRTOS/Source/CMSIS_RTOS/cmsis_os.c.obj
                0x080051ea                osDelay
 .text.vListInitialise
                0x080051f8       0x16 CMakeFiles/Engineering_A_2023_C_Board.elf.dir/Middlewares/Third_Party/FreeRTOS/Source/list.c.obj
                0x080051f8                vListInitialise
 .text.vListInitialiseItem
                0x0800520e        0x6 CMakeFiles/Engineering_A_2023_C_Board.elf.dir/Middlewares/Third_Party/FreeRTOS/Source/list.c.obj
                0x0800520e                vListInitialiseItem
 .text.vListInsertEnd
                0x08005214       0x16 CMakeFiles/Engineering_A_2023_C_Board.elf.dir/Middlewares/Third_Party/FreeRTOS/Source/list.c.obj
                0x08005214                vListInsertEnd
 .text.vListInsert
                0x0800522a       0x32 CMakeFiles/Engineering_A_2023_C_Board.elf.dir/Middlewares/Third_Party/FreeRTOS/Source/list.c.obj
                0x0800522a                vListInsert
 .text.uxListRemove
                0x0800525c       0x26 CMakeFiles/Engineering_A_2023_C_Board.elf.dir/Middlewares/Third_Party/FreeRTOS/Source/list.c.obj
                0x0800525c                uxListRemove
 *fill*         0x08005282        0x2 
 .text.prvTaskExitError
                0x08005284       0x40 CMakeFiles/Engineering_A_2023_C_Board.elf.dir/Middlewares/Third_Party/FreeRTOS/Source/portable/GCC/ARM_CM4F/port.c.obj
 .text.prvPortStartFirstTask
                0x080052c4       0x28 CMakeFiles/Engineering_A_2023_C_Board.elf.dir/Middlewares/Third_Party/FreeRTOS/Source/portable/GCC/ARM_CM4F/port.c.obj
 .text.vPortEnableVFP
                0x080052ec       0x14 CMakeFiles/Engineering_A_2023_C_Board.elf.dir/Middlewares/Third_Party/FreeRTOS/Source/portable/GCC/ARM_CM4F/port.c.obj
 .text.pxPortInitialiseStack
                0x08005300       0x2c CMakeFiles/Engineering_A_2023_C_Board.elf.dir/Middlewares/Third_Party/FreeRTOS/Source/portable/GCC/ARM_CM4F/port.c.obj
                0x08005300                pxPortInitialiseStack
 *fill*         0x0800532c        0x4 
 .text.SVC_Handler
                0x08005330       0x24 CMakeFiles/Engineering_A_2023_C_Board.elf.dir/Middlewares/Third_Party/FreeRTOS/Source/portable/GCC/ARM_CM4F/port.c.obj
                0x08005330                SVC_Handler
 .text.vPortEnterCritical
                0x08005354       0x44 CMakeFiles/Engineering_A_2023_C_Board.elf.dir/Middlewares/Third_Party/FreeRTOS/Source/portable/GCC/ARM_CM4F/port.c.obj
                0x08005354                vPortEnterCritical
 .text.vPortExitCritical
                0x08005398       0x2c CMakeFiles/Engineering_A_2023_C_Board.elf.dir/Middlewares/Third_Party/FreeRTOS/Source/portable/GCC/ARM_CM4F/port.c.obj
                0x08005398                vPortExitCritical
 *fill*         0x080053c4        0xc 
 .text.PendSV_Handler
                0x080053d0       0x64 CMakeFiles/Engineering_A_2023_C_Board.elf.dir/Middlewares/Third_Party/FreeRTOS/Source/portable/GCC/ARM_CM4F/port.c.obj
                0x080053d0                PendSV_Handler
 .text.SysTick_Handler
                0x08005434       0x2c CMakeFiles/Engineering_A_2023_C_Board.elf.dir/Middlewares/Third_Party/FreeRTOS/Source/portable/GCC/ARM_CM4F/port.c.obj
                0x08005434                SysTick_Handler
 .text.vPortSetupTimerInterrupt
                0x08005460       0x28 CMakeFiles/Engineering_A_2023_C_Board.elf.dir/Middlewares/Third_Party/FreeRTOS/Source/portable/GCC/ARM_CM4F/port.c.obj
                0x08005460                vPortSetupTimerInterrupt
 .text.xPortStartScheduler
                0x08005488      0x118 CMakeFiles/Engineering_A_2023_C_Board.elf.dir/Middlewares/Third_Party/FreeRTOS/Source/portable/GCC/ARM_CM4F/port.c.obj
                0x08005488                xPortStartScheduler
 .text.prvHeapInit
                0x080055a0       0x64 CMakeFiles/Engineering_A_2023_C_Board.elf.dir/Middlewares/Third_Party/FreeRTOS/Source/portable/MemMang/heap_4.c.obj
 .text.prvInsertBlockIntoFreeList
                0x08005604       0x64 CMakeFiles/Engineering_A_2023_C_Board.elf.dir/Middlewares/Third_Party/FreeRTOS/Source/portable/MemMang/heap_4.c.obj
 .text.pvPortMalloc
                0x08005668      0x104 CMakeFiles/Engineering_A_2023_C_Board.elf.dir/Middlewares/Third_Party/FreeRTOS/Source/portable/MemMang/heap_4.c.obj
                0x08005668                pvPortMalloc
 .text.vPortFree
                0x0800576c       0x7c CMakeFiles/Engineering_A_2023_C_Board.elf.dir/Middlewares/Third_Party/FreeRTOS/Source/portable/MemMang/heap_4.c.obj
                0x0800576c                vPortFree
 .text.prvResetNextTaskUnblockTime
                0x080057e8       0x2c CMakeFiles/Engineering_A_2023_C_Board.elf.dir/Middlewares/Third_Party/FreeRTOS/Source/tasks.c.obj
 .text.prvInitialiseNewTask
                0x08005814       0x9c CMakeFiles/Engineering_A_2023_C_Board.elf.dir/Middlewares/Third_Party/FreeRTOS/Source/tasks.c.obj
 .text.prvInitialiseTaskLists
                0x080058b0       0x68 CMakeFiles/Engineering_A_2023_C_Board.elf.dir/Middlewares/Third_Party/FreeRTOS/Source/tasks.c.obj
 .text.prvAddNewTaskToReadyList
                0x08005918       0xa8 CMakeFiles/Engineering_A_2023_C_Board.elf.dir/Middlewares/Third_Party/FreeRTOS/Source/tasks.c.obj
 .text.prvDeleteTCB
                0x080059c0       0x38 CMakeFiles/Engineering_A_2023_C_Board.elf.dir/Middlewares/Third_Party/FreeRTOS/Source/tasks.c.obj
 .text.prvCheckTasksWaitingTermination
                0x080059f8       0x4c CMakeFiles/Engineering_A_2023_C_Board.elf.dir/Middlewares/Third_Party/FreeRTOS/Source/tasks.c.obj
 .text.prvIdleTask
                0x08005a44       0x28 CMakeFiles/Engineering_A_2023_C_Board.elf.dir/Middlewares/Third_Party/FreeRTOS/Source/tasks.c.obj
 .text.prvAddCurrentTaskToDelayedList
                0x08005a6c       0x98 CMakeFiles/Engineering_A_2023_C_Board.elf.dir/Middlewares/Third_Party/FreeRTOS/Source/tasks.c.obj
 .text.xTaskCreateStatic
                0x08005b04       0x76 CMakeFiles/Engineering_A_2023_C_Board.elf.dir/Middlewares/Third_Party/FreeRTOS/Source/tasks.c.obj
                0x08005b04                xTaskCreateStatic
 .text.xTaskCreate
                0x08005b7a       0x64 CMakeFiles/Engineering_A_2023_C_Board.elf.dir/Middlewares/Third_Party/FreeRTOS/Source/tasks.c.obj
                0x08005b7a                xTaskCreate
 *fill*         0x08005bde        0x2 
 .text.vTaskStartScheduler
                0x08005be0       0x74 CMakeFiles/Engineering_A_2023_C_Board.elf.dir/Middlewares/Third_Party/FreeRTOS/Source/tasks.c.obj
                0x08005be0                vTaskStartScheduler
 .text.vTaskSuspendAll
                0x08005c54       0x10 CMakeFiles/Engineering_A_2023_C_Board.elf.dir/Middlewares/Third_Party/FreeRTOS/Source/tasks.c.obj
                0x08005c54                vTaskSuspendAll
 .text.xTaskGetTickCount
                0x08005c64        0xc CMakeFiles/Engineering_A_2023_C_Board.elf.dir/Middlewares/Third_Party/FreeRTOS/Source/tasks.c.obj
                0x08005c64                xTaskGetTickCount
 .text.xTaskIncrementTick
                0x08005c70      0x118 CMakeFiles/Engineering_A_2023_C_Board.elf.dir/Middlewares/Third_Party/FreeRTOS/Source/tasks.c.obj
                0x08005c70                xTaskIncrementTick
 .text.xTaskResumeAll
                0x08005d88       0xf8 CMakeFiles/Engineering_A_2023_C_Board.elf.dir/Middlewares/Third_Party/FreeRTOS/Source/tasks.c.obj
                0x08005d88                xTaskResumeAll
 .text.vTaskDelay
                0x08005e80       0x4c CMakeFiles/Engineering_A_2023_C_Board.elf.dir/Middlewares/Third_Party/FreeRTOS/Source/tasks.c.obj
                0x08005e80                vTaskDelay
 .text.vTaskSwitchContext
                0x08005ecc       0xb4 CMakeFiles/Engineering_A_2023_C_Board.elf.dir/Middlewares/Third_Party/FreeRTOS/Source/tasks.c.obj
                0x08005ecc                vTaskSwitchContext
 .text.BoardCommuni_Task
                0x08005f80        0xe CMakeFiles/Engineering_A_2023_C_Board.elf.dir/Task/Src/BoardCommuni_Task.c.obj
                0x08005f80                BoardCommuni_Task
 *fill*         0x08005f8e        0x2 
 .text.detect_init
                0x08005f90       0xa8 CMakeFiles/Engineering_A_2023_C_Board.elf.dir/Task/Src/Detect_Task.c.obj
 .text.detect_hook
                0x08006038       0x98 CMakeFiles/Engineering_A_2023_C_Board.elf.dir/Task/Src/Detect_Task.c.obj
                0x08006038                detect_hook
 .text.Detect_Task
                0x080060d0      0x1b4 CMakeFiles/Engineering_A_2023_C_Board.elf.dir/Task/Src/Detect_Task.c.obj
                0x080060d0                Detect_Task
 .text.Offline_Prepare
                0x08006284        0x2 CMakeFiles/Engineering_A_2023_C_Board.elf.dir/Task/Src/Gimbal_Fsm.c.obj
 *fill*         0x08006286        0x2 
 .text.Offline_State
                0x08006288       0x14 CMakeFiles/Engineering_A_2023_C_Board.elf.dir/Task/Src/Gimbal_Fsm.c.obj
 .text.Lift_State
                0x0800629c       0x14 CMakeFiles/Engineering_A_2023_C_Board.elf.dir/Task/Src/Gimbal_Fsm.c.obj
 .text.Arm_State
                0x080062b0       0x14 CMakeFiles/Engineering_A_2023_C_Board.elf.dir/Task/Src/Gimbal_Fsm.c.obj
 .text.Mining_State
                0x080062c4       0x14 CMakeFiles/Engineering_A_2023_C_Board.elf.dir/Task/Src/Gimbal_Fsm.c.obj
 .text.Mining_bhv
                0x080062d8        0x2 CMakeFiles/Engineering_A_2023_C_Board.elf.dir/Task/Src/Gimbal_Fsm.c.obj
 *fill*         0x080062da        0x2 
 .text.Mining_Prepare
                0x080062dc       0x3c CMakeFiles/Engineering_A_2023_C_Board.elf.dir/Task/Src/Gimbal_Fsm.c.obj
 .text.Arm_Prepare
                0x08006318       0x3c CMakeFiles/Engineering_A_2023_C_Board.elf.dir/Task/Src/Gimbal_Fsm.c.obj
 .text.Lift_Prepare
                0x08006354       0x24 CMakeFiles/Engineering_A_2023_C_Board.elf.dir/Task/Src/Gimbal_Fsm.c.obj
 .text.Lift_bhv
                0x08006378       0x28 CMakeFiles/Engineering_A_2023_C_Board.elf.dir/Task/Src/Gimbal_Fsm.c.obj
 .text.Arm_bhv  0x080063a0       0x4c CMakeFiles/Engineering_A_2023_C_Board.elf.dir/Task/Src/Gimbal_Fsm.c.obj
 .text.PowerOff_bhv
                0x080063ec       0x14 CMakeFiles/Engineering_A_2023_C_Board.elf.dir/Task/Src/Gimbal_Fsm.c.obj
 .text.Return_Gimbal_FSM
                0x08006400        0x8 CMakeFiles/Engineering_A_2023_C_Board.elf.dir/Task/Src/Gimbal_Fsm.c.obj
                0x08006400                Return_Gimbal_FSM
 .text.Gimbal_Fsm_Init
                0x08006408       0xd4 CMakeFiles/Engineering_A_2023_C_Board.elf.dir/Task/Src/Gimbal_Fsm.c.obj
                0x08006408                Gimbal_Fsm_Init
 .text.Gimbal_Init
                0x080064dc       0x2c CMakeFiles/Engineering_A_2023_C_Board.elf.dir/Task/Src/Gimbal_Task.c.obj
 .text.Gimbal_Task
                0x08006508       0x2c CMakeFiles/Engineering_A_2023_C_Board.elf.dir/Task/Src/Gimbal_Task.c.obj
                0x08006508                Gimbal_Task
 .text.Remote_Task
                0x08006534       0x1a CMakeFiles/Engineering_A_2023_C_Board.elf.dir/Task/Src/Remote_Task.c.obj
                0x08006534                Remote_Task
 .text.FSM_Deal
                0x0800654e       0x4e CMakeFiles/Engineering_A_2023_C_Board.elf.dir/Task/Src/fsm.c.obj
                0x0800654e                FSM_Deal
 .text.StateChange
                0x0800659c        0x8 CMakeFiles/Engineering_A_2023_C_Board.elf.dir/Task/Src/fsm.c.obj
                0x0800659c                StateChange
 .text.__udivmoddi4
                0x080065a4      0x2bc /home/pansy/arm-gnu/arm-gnu/bin/../lib/gcc/arm-none-eabi/12.2.1/thumb/v7e-m+fp/hard/libgcc.a(_udivmoddi4.o)
                0x080065a4                __udivmoddi4
 .text.startup.register_fini
                0x08006860       0x14 /home/pansy/arm-gnu/arm-gnu/bin/../lib/gcc/arm-none-eabi/12.2.1/../../../../arm-none-eabi/lib/thumb/v7e-m+fp/hard/libc.a(libc_a-__call_atexit.o)
 .text.memset   0x08006874       0xa4 /home/pansy/arm-gnu/arm-gnu/bin/../lib/gcc/arm-none-eabi/12.2.1/../../../../arm-none-eabi/lib/thumb/v7e-m+fp/hard/libc.a(libc_a-memset.o)
                0x08006874                memset
 .text.__libc_init_array
                0x08006918       0x50 /home/pansy/arm-gnu/arm-gnu/bin/../lib/gcc/arm-none-eabi/12.2.1/../../../../arm-none-eabi/lib/thumb/v7e-m+fp/hard/libc.a(libc_a-init.o)
                0x08006918                __libc_init_array
 .text.__libc_fini_array
                0x08006968       0x28 /home/pansy/arm-gnu/arm-gnu/bin/../lib/gcc/arm-none-eabi/12.2.1/../../../../arm-none-eabi/lib/thumb/v7e-m+fp/hard/libc.a(libc_a-fini.o)
                0x08006968                __libc_fini_array
 .text.__retarget_lock_acquire_recursive
                0x08006990        0x4 /home/pansy/arm-gnu/arm-gnu/bin/../lib/gcc/arm-none-eabi/12.2.1/../../../../arm-none-eabi/lib/thumb/v7e-m+fp/hard/libc.a(libc_a-lock.o)
                0x08006990                __retarget_lock_acquire_recursive
 .text.__retarget_lock_release_recursive
                0x08006994        0x4 /home/pansy/arm-gnu/arm-gnu/bin/../lib/gcc/arm-none-eabi/12.2.1/../../../../arm-none-eabi/lib/thumb/v7e-m+fp/hard/libc.a(libc_a-lock.o)
                0x08006994                __retarget_lock_release_recursive
 .text.atexit   0x08006998        0xc /home/pansy/arm-gnu/arm-gnu/bin/../lib/gcc/arm-none-eabi/12.2.1/../../../../arm-none-eabi/lib/thumb/v7e-m+fp/hard/libc.a(libc_a-atexit.o)
                0x08006998                atexit
 .text.__register_exitproc
                0x080069a4       0x80 /home/pansy/arm-gnu/arm-gnu/bin/../lib/gcc/arm-none-eabi/12.2.1/../../../../arm-none-eabi/lib/thumb/v7e-m+fp/hard/libc.a(libc_a-__atexit.o)
                0x080069a4                __register_exitproc
 *(.glue_7)
 .glue_7        0x08006a24        0x0 linker stubs
 *(.glue_7t)
 .glue_7t       0x08006a24        0x0 linker stubs
 *(.eh_frame)
 .eh_frame      0x08006a24        0x0 /home/pansy/arm-gnu/arm-gnu/bin/../lib/gcc/arm-none-eabi/12.2.1/thumb/v7e-m+fp/hard/crtbegin.o
 *(.init)
 .init          0x08006a24        0x4 /home/pansy/arm-gnu/arm-gnu/bin/../lib/gcc/arm-none-eabi/12.2.1/thumb/v7e-m+fp/hard/crti.o
                0x08006a24                _init
 .init          0x08006a28        0x8 /home/pansy/arm-gnu/arm-gnu/bin/../lib/gcc/arm-none-eabi/12.2.1/thumb/v7e-m+fp/hard/crtn.o
 *(.fini)
 .fini          0x08006a30        0x4 /home/pansy/arm-gnu/arm-gnu/bin/../lib/gcc/arm-none-eabi/12.2.1/thumb/v7e-m+fp/hard/crti.o
                0x08006a30                _fini
 .fini          0x08006a34        0x8 /home/pansy/arm-gnu/arm-gnu/bin/../lib/gcc/arm-none-eabi/12.2.1/thumb/v7e-m+fp/hard/crtn.o
                0x08006a3c                        . = ALIGN (0x4)
                0x08006a3c                        _etext = .

.vfp11_veneer   0x08006a3c        0x0
 .vfp11_veneer  0x08006a3c        0x0 linker stubs

.v4_bx          0x08006a3c        0x0
 .v4_bx         0x08006a3c        0x0 linker stubs

.iplt           0x08006a3c        0x0
 .iplt          0x08006a3c        0x0 /home/pansy/arm-gnu/arm-gnu/bin/../lib/gcc/arm-none-eabi/12.2.1/thumb/v7e-m+fp/hard/crtbegin.o

.rodata         0x08006a3c      0x114
                0x08006a3c                        . = ALIGN (0x4)
 *(.rodata)
 .rodata        0x08006a3c       0x8c CMakeFiles/Engineering_A_2023_C_Board.elf.dir/Core/Src/freertos.c.obj
 .rodata        0x08006ac8       0x1e CMakeFiles/Engineering_A_2023_C_Board.elf.dir/Task/Src/Detect_Task.c.obj
 *(.rodata*)
 *fill*         0x08006ae6        0x2 
 .rodata.str1.4
                0x08006ae8       0x40 CMakeFiles/Engineering_A_2023_C_Board.elf.dir/Core/Src/freertos.c.obj
 .rodata.APBPrescTable
                0x08006b28        0x8 CMakeFiles/Engineering_A_2023_C_Board.elf.dir/Core/Src/system_stm32f4xx.c.obj
                0x08006b28                APBPrescTable
 .rodata.AHBPrescTable
                0x08006b30       0x10 CMakeFiles/Engineering_A_2023_C_Board.elf.dir/Core/Src/system_stm32f4xx.c.obj
                0x08006b30                AHBPrescTable
 .rodata.flagBitshiftOffset.0
                0x08006b40        0x8 CMakeFiles/Engineering_A_2023_C_Board.elf.dir/Drivers/STM32F4xx_HAL_Driver/Src/stm32f4xx_hal_dma.c.obj
 .rodata.vTaskStartScheduler.str1.4
                0x08006b48        0x5 CMakeFiles/Engineering_A_2023_C_Board.elf.dir/Middlewares/Third_Party/FreeRTOS/Source/tasks.c.obj
                0x08006b50                        . = ALIGN (0x4)
 *fill*         0x08006b4d        0x3 

.ARM.extab      0x08006b50        0x0
                0x08006b50                        . = ALIGN (0x4)
 *(.ARM.extab* .gnu.linkonce.armextab.*)
                0x08006b50                        . = ALIGN (0x4)

.ARM            0x08006b50        0x8
                0x08006b50                        . = ALIGN (0x4)
                0x08006b50                        __exidx_start = .
 *(.ARM.exidx*)
 .ARM.exidx     0x08006b50        0x8 /home/pansy/arm-gnu/arm-gnu/bin/../lib/gcc/arm-none-eabi/12.2.1/../../../../arm-none-eabi/lib/thumb/v7e-m+fp/hard/libc.a(libc_a-memcpy.o)
 .ARM.exidx.text.__udivmoddi4
                0x08006b58        0x0 /home/pansy/arm-gnu/arm-gnu/bin/../lib/gcc/arm-none-eabi/12.2.1/thumb/v7e-m+fp/hard/libgcc.a(_udivmoddi4.o)
                                  0x8 (size before relaxing)
                0x08006b58                        __exidx_end = .
                0x08006b58                        . = ALIGN (0x4)

.rel.dyn        0x08006b58        0x0
 .rel.iplt      0x08006b58        0x0 /home/pansy/arm-gnu/arm-gnu/bin/../lib/gcc/arm-none-eabi/12.2.1/thumb/v7e-m+fp/hard/crtbegin.o

.preinit_array  0x08006b58        0x0
                0x08006b58                        . = ALIGN (0x4)
                0x08006b58                        PROVIDE (__preinit_array_start = .)
 *(.preinit_array*)
                0x08006b58                        PROVIDE (__preinit_array_end = .)
                0x08006b58                        . = ALIGN (0x4)

.init_array     0x08006b58        0x8
                0x08006b58                        . = ALIGN (0x4)
                0x08006b58                        PROVIDE (__init_array_start = .)
 *(SORT_BY_NAME(.init_array.*))
 .init_array.00000
                0x08006b58        0x4 /home/pansy/arm-gnu/arm-gnu/bin/../lib/gcc/arm-none-eabi/12.2.1/../../../../arm-none-eabi/lib/thumb/v7e-m+fp/hard/libc.a(libc_a-__call_atexit.o)
 *(.init_array*)
 .init_array    0x08006b5c        0x4 /home/pansy/arm-gnu/arm-gnu/bin/../lib/gcc/arm-none-eabi/12.2.1/thumb/v7e-m+fp/hard/crtbegin.o
                0x08006b60                        PROVIDE (__init_array_end = .)
                0x08006b60                        . = ALIGN (0x4)

.fini_array     0x08006b60        0x4
                0x08006b60                        . = ALIGN (0x4)
                0x08006b60                        PROVIDE (__fini_array_start = .)
 *(SORT_BY_NAME(.fini_array.*))
 *(.fini_array*)
 .fini_array    0x08006b60        0x4 /home/pansy/arm-gnu/arm-gnu/bin/../lib/gcc/arm-none-eabi/12.2.1/thumb/v7e-m+fp/hard/crtbegin.o
                0x08006b64                        PROVIDE (__fini_array_end = .)
                0x08006b64                        . = ALIGN (0x4)
                0x08006b64                        _sidata = LOADADDR (.data)

.data           0x20000000       0x18 load address 0x08006b64
                0x20000000                        . = ALIGN (0x4)
                0x20000000                        _sdata = .
 *(.data)
 *(.data*)
 .data.pwm      0x20000000        0x4 CMakeFiles/Engineering_A_2023_C_Board.elf.dir/Control/Src/GimbalMotor.c.obj
                0x20000000                pwm
 .data.SystemCoreClock
                0x20000004        0x4 CMakeFiles/Engineering_A_2023_C_Board.elf.dir/Core/Src/system_stm32f4xx.c.obj
                0x20000004                SystemCoreClock
 .data.uwTickFreq
                0x20000008        0x1 CMakeFiles/Engineering_A_2023_C_Board.elf.dir/Drivers/STM32F4xx_HAL_Driver/Src/stm32f4xx_hal.c.obj
                0x20000008                uwTickFreq
 *fill*         0x20000009        0x3 
 .data.uwTickPrio
                0x2000000c        0x4 CMakeFiles/Engineering_A_2023_C_Board.elf.dir/Drivers/STM32F4xx_HAL_Driver/Src/stm32f4xx_hal.c.obj
                0x2000000c                uwTickPrio
 .data.uxCriticalNesting
                0x20000010        0x4 CMakeFiles/Engineering_A_2023_C_Board.elf.dir/Middlewares/Third_Party/FreeRTOS/Source/portable/GCC/ARM_CM4F/port.c.obj
 .data.__atexit_recursive_mutex
                0x20000014        0x4 /home/pansy/arm-gnu/arm-gnu/bin/../lib/gcc/arm-none-eabi/12.2.1/../../../../arm-none-eabi/lib/thumb/v7e-m+fp/hard/libc.a(libc_a-__call_atexit.o)
                0x20000014                __atexit_recursive_mutex
 *(.RamFunc)
 *(.RamFunc*)
                0x20000018                        . = ALIGN (0x4)
                0x20000018                        _edata = .
                0x08006b7c                        _siccmram = LOADADDR (.ccmram)

.tm_clone_table
                0x20000018        0x0 load address 0x08006b7c
 .tm_clone_table
                0x20000018        0x0 /home/pansy/arm-gnu/arm-gnu/bin/../lib/gcc/arm-none-eabi/12.2.1/thumb/v7e-m+fp/hard/crtbegin.o
 .tm_clone_table
                0x20000018        0x0 /home/pansy/arm-gnu/arm-gnu/bin/../lib/gcc/arm-none-eabi/12.2.1/thumb/v7e-m+fp/hard/crtend.o

.igot.plt       0x20000018        0x0 load address 0x08006b7c
 .igot.plt      0x20000018        0x0 /home/pansy/arm-gnu/arm-gnu/bin/../lib/gcc/arm-none-eabi/12.2.1/thumb/v7e-m+fp/hard/crtbegin.o

.ccmram         0x10000000        0x0 load address 0x08006b7c
                0x10000000                        . = ALIGN (0x4)
                0x10000000                        _sccmram = .
 *(.ccmram)
 *(.ccmram*)
                0x10000000                        . = ALIGN (0x4)
                0x10000000                        _eccmram = .
                0x10000000                        . = ALIGN (0x4)

.bss            0x20000018     0x5d04
                0x20000018                        _sbss = .
                0x20000018                        __bss_start__ = _sbss
 *(.bss)
 *(.bss*)
 .bss.completed.1
                0x20000018        0x1 /home/pansy/arm-gnu/arm-gnu/bin/../lib/gcc/arm-none-eabi/12.2.1/thumb/v7e-m+fp/hard/crtbegin.o
 *fill*         0x20000019        0x3 
 .bss.object.0  0x2000001c       0x18 /home/pansy/arm-gnu/arm-gnu/bin/../lib/gcc/arm-none-eabi/12.2.1/thumb/v7e-m+fp/hard/crtbegin.o
 .bss.CAN_Encoder
                0x20000034      0x230 CMakeFiles/Engineering_A_2023_C_Board.elf.dir/Bsp/Src/bsp_Motor_Encoder.c.obj
                0x20000034                CAN_Encoder
 .bss.Can_Send_Data4.0
                0x20000264        0x8 CMakeFiles/Engineering_A_2023_C_Board.elf.dir/Bsp/Src/bsp_can.c.obj
 .bss.can2_manage
                0x2000026c       0x30 CMakeFiles/Engineering_A_2023_C_Board.elf.dir/Bsp/Src/bsp_can.c.obj
                0x2000026c                can2_manage
 .bss.can1_manage
                0x2000029c       0x30 CMakeFiles/Engineering_A_2023_C_Board.elf.dir/Bsp/Src/bsp_can.c.obj
                0x2000029c                can1_manage
 .bss.rc_ctl    0x200002cc       0x20 CMakeFiles/Engineering_A_2023_C_Board.elf.dir/Bsp/Src/bsp_dr16.c.obj
 .bss.RC_Data2  0x200002ec        0x8 CMakeFiles/Engineering_A_2023_C_Board.elf.dir/Control/Src/BoardCommuni.c.obj
 .bss.RC_Data1  0x200002f4        0x8 CMakeFiles/Engineering_A_2023_C_Board.elf.dir/Control/Src/BoardCommuni.c.obj
 .bss.Yaw_LockPosition
                0x200002fc        0x4 CMakeFiles/Engineering_A_2023_C_Board.elf.dir/Control/Src/GimbalMotor.c.obj
 .bss.Roll_LockPosition
                0x20000300        0x4 CMakeFiles/Engineering_A_2023_C_Board.elf.dir/Control/Src/GimbalMotor.c.obj
 .bss.Pitch_LockPosition
                0x20000304        0x4 CMakeFiles/Engineering_A_2023_C_Board.elf.dir/Control/Src/GimbalMotor.c.obj
 .bss.Gimbal_Can_msg
                0x20000308       0x10 CMakeFiles/Engineering_A_2023_C_Board.elf.dir/Control/Src/GimbalMotor.c.obj
                0x20000308                Gimbal_Can_msg
 .bss.Grasp     0x20000318        0xc CMakeFiles/Engineering_A_2023_C_Board.elf.dir/Control/Src/GimbalMotor.c.obj
                0x20000318                Grasp
 .bss.TD_t      0x20000324      0xb28 CMakeFiles/Engineering_A_2023_C_Board.elf.dir/Control/Src/GimbalMotor.c.obj
                0x20000324                TD_t
 .bss.Lift_t    0x20000e4c      0x2cc CMakeFiles/Engineering_A_2023_C_Board.elf.dir/Control/Src/GimbalMotor.c.obj
                0x20000e4c                Lift_t
 .bss.REMOTE    0x20001118       0x68 CMakeFiles/Engineering_A_2023_C_Board.elf.dir/Control/Src/RemoteDeal.c.obj
                0x20001118                REMOTE
 .bss.HAL_RCC_CAN1_CLK_ENABLED
                0x20001180        0x4 CMakeFiles/Engineering_A_2023_C_Board.elf.dir/Core/Src/can.c.obj
 .bss.hcan2     0x20001184       0x28 CMakeFiles/Engineering_A_2023_C_Board.elf.dir/Core/Src/can.c.obj
                0x20001184                hcan2
 .bss.hcan1     0x200011ac       0x28 CMakeFiles/Engineering_A_2023_C_Board.elf.dir/Core/Src/can.c.obj
                0x200011ac                hcan1
 .bss.xIdleStack
                0x200011d4      0x200 CMakeFiles/Engineering_A_2023_C_Board.elf.dir/Core/Src/freertos.c.obj
 .bss.xIdleTaskTCBBuffer
                0x200013d4       0x54 CMakeFiles/Engineering_A_2023_C_Board.elf.dir/Core/Src/freertos.c.obj
 .bss.Task_DetectHandle
                0x20001428        0x4 CMakeFiles/Engineering_A_2023_C_Board.elf.dir/Core/Src/freertos.c.obj
                0x20001428                Task_DetectHandle
 .bss.Task_BoardCommuHandle
                0x2000142c        0x4 CMakeFiles/Engineering_A_2023_C_Board.elf.dir/Core/Src/freertos.c.obj
                0x2000142c                Task_BoardCommuHandle
 .bss.Task_GimbalHandle
                0x20001430        0x4 CMakeFiles/Engineering_A_2023_C_Board.elf.dir/Core/Src/freertos.c.obj
                0x20001430                Task_GimbalHandle
 .bss.Task_RemoteHandle
                0x20001434        0x4 CMakeFiles/Engineering_A_2023_C_Board.elf.dir/Core/Src/freertos.c.obj
                0x20001434                Task_RemoteHandle
 .bss.defaultTaskHandle
                0x20001438        0x4 CMakeFiles/Engineering_A_2023_C_Board.elf.dir/Core/Src/freertos.c.obj
                0x20001438                defaultTaskHandle
 .bss.hi2c2     0x2000143c       0x54 CMakeFiles/Engineering_A_2023_C_Board.elf.dir/Core/Src/i2c.c.obj
                0x2000143c                hi2c2
 .bss.hdma_spi1_tx
                0x20001490       0x60 CMakeFiles/Engineering_A_2023_C_Board.elf.dir/Core/Src/spi.c.obj
                0x20001490                hdma_spi1_tx
 .bss.hdma_spi1_rx
                0x200014f0       0x60 CMakeFiles/Engineering_A_2023_C_Board.elf.dir/Core/Src/spi.c.obj
                0x200014f0                hdma_spi1_rx
 .bss.hspi1     0x20001550       0x58 CMakeFiles/Engineering_A_2023_C_Board.elf.dir/Core/Src/spi.c.obj
                0x20001550                hspi1
 .bss.htim2     0x200015a8       0x48 CMakeFiles/Engineering_A_2023_C_Board.elf.dir/Core/Src/stm32f4xx_hal_timebase_tim.c.obj
                0x200015a8                htim2
 .bss.htim10    0x200015f0       0x48 CMakeFiles/Engineering_A_2023_C_Board.elf.dir/Core/Src/tim.c.obj
                0x200015f0                htim10
 .bss.htim4     0x20001638       0x48 CMakeFiles/Engineering_A_2023_C_Board.elf.dir/Core/Src/tim.c.obj
                0x20001638                htim4
 .bss.htim1     0x20001680       0x48 CMakeFiles/Engineering_A_2023_C_Board.elf.dir/Core/Src/tim.c.obj
                0x20001680                htim1
 .bss.hdma_usart3_rx
                0x200016c8       0x60 CMakeFiles/Engineering_A_2023_C_Board.elf.dir/Core/Src/usart.c.obj
                0x200016c8                hdma_usart3_rx
 .bss.huart3    0x20001728       0x44 CMakeFiles/Engineering_A_2023_C_Board.elf.dir/Core/Src/usart.c.obj
                0x20001728                huart3
 .bss.hpcd_USB_OTG_FS
                0x2000176c      0x50c CMakeFiles/Engineering_A_2023_C_Board.elf.dir/Core/Src/usb_otg.c.obj
                0x2000176c                hpcd_USB_OTG_FS
 .bss.uwTick    0x20001c78        0x4 CMakeFiles/Engineering_A_2023_C_Board.elf.dir/Drivers/STM32F4xx_HAL_Driver/Src/stm32f4xx_hal.c.obj
                0x20001c78                uwTick
 .bss.ulMaxPRIGROUPValue
                0x20001c7c        0x4 CMakeFiles/Engineering_A_2023_C_Board.elf.dir/Middlewares/Third_Party/FreeRTOS/Source/portable/GCC/ARM_CM4F/port.c.obj
 .bss.ucMaxSysCallPriority
                0x20001c80        0x1 CMakeFiles/Engineering_A_2023_C_Board.elf.dir/Middlewares/Third_Party/FreeRTOS/Source/portable/GCC/ARM_CM4F/port.c.obj
 *fill*         0x20001c81        0x3 
 .bss.xBlockAllocatedBit
                0x20001c84        0x4 CMakeFiles/Engineering_A_2023_C_Board.elf.dir/Middlewares/Third_Party/FreeRTOS/Source/portable/MemMang/heap_4.c.obj
 .bss.xNumberOfSuccessfulFrees
                0x20001c88        0x4 CMakeFiles/Engineering_A_2023_C_Board.elf.dir/Middlewares/Third_Party/FreeRTOS/Source/portable/MemMang/heap_4.c.obj
 .bss.xNumberOfSuccessfulAllocations
                0x20001c8c        0x4 CMakeFiles/Engineering_A_2023_C_Board.elf.dir/Middlewares/Third_Party/FreeRTOS/Source/portable/MemMang/heap_4.c.obj
 .bss.xMinimumEverFreeBytesRemaining
                0x20001c90        0x4 CMakeFiles/Engineering_A_2023_C_Board.elf.dir/Middlewares/Third_Party/FreeRTOS/Source/portable/MemMang/heap_4.c.obj
 .bss.xFreeBytesRemaining
                0x20001c94        0x4 CMakeFiles/Engineering_A_2023_C_Board.elf.dir/Middlewares/Third_Party/FreeRTOS/Source/portable/MemMang/heap_4.c.obj
 .bss.pxEnd     0x20001c98        0x4 CMakeFiles/Engineering_A_2023_C_Board.elf.dir/Middlewares/Third_Party/FreeRTOS/Source/portable/MemMang/heap_4.c.obj
 .bss.xStart    0x20001c9c        0x8 CMakeFiles/Engineering_A_2023_C_Board.elf.dir/Middlewares/Third_Party/FreeRTOS/Source/portable/MemMang/heap_4.c.obj
 .bss.ucHeap    0x20001ca4     0x3c00 CMakeFiles/Engineering_A_2023_C_Board.elf.dir/Middlewares/Third_Party/FreeRTOS/Source/portable/MemMang/heap_4.c.obj
 .bss.uxSchedulerSuspended
                0x200058a4        0x4 CMakeFiles/Engineering_A_2023_C_Board.elf.dir/Middlewares/Third_Party/FreeRTOS/Source/tasks.c.obj
 .bss.xIdleTaskHandle
                0x200058a8        0x4 CMakeFiles/Engineering_A_2023_C_Board.elf.dir/Middlewares/Third_Party/FreeRTOS/Source/tasks.c.obj
 .bss.xNextTaskUnblockTime
                0x200058ac        0x4 CMakeFiles/Engineering_A_2023_C_Board.elf.dir/Middlewares/Third_Party/FreeRTOS/Source/tasks.c.obj
 .bss.uxTaskNumber
                0x200058b0        0x4 CMakeFiles/Engineering_A_2023_C_Board.elf.dir/Middlewares/Third_Party/FreeRTOS/Source/tasks.c.obj
 .bss.xNumOfOverflows
                0x200058b4        0x4 CMakeFiles/Engineering_A_2023_C_Board.elf.dir/Middlewares/Third_Party/FreeRTOS/Source/tasks.c.obj
 .bss.xYieldPending
                0x200058b8        0x4 CMakeFiles/Engineering_A_2023_C_Board.elf.dir/Middlewares/Third_Party/FreeRTOS/Source/tasks.c.obj
 .bss.xPendedTicks
                0x200058bc        0x4 CMakeFiles/Engineering_A_2023_C_Board.elf.dir/Middlewares/Third_Party/FreeRTOS/Source/tasks.c.obj
 .bss.xSchedulerRunning
                0x200058c0        0x4 CMakeFiles/Engineering_A_2023_C_Board.elf.dir/Middlewares/Third_Party/FreeRTOS/Source/tasks.c.obj
 .bss.uxTopReadyPriority
                0x200058c4        0x4 CMakeFiles/Engineering_A_2023_C_Board.elf.dir/Middlewares/Third_Party/FreeRTOS/Source/tasks.c.obj
 .bss.xTickCount
                0x200058c8        0x4 CMakeFiles/Engineering_A_2023_C_Board.elf.dir/Middlewares/Third_Party/FreeRTOS/Source/tasks.c.obj
 .bss.uxCurrentNumberOfTasks
                0x200058cc        0x4 CMakeFiles/Engineering_A_2023_C_Board.elf.dir/Middlewares/Third_Party/FreeRTOS/Source/tasks.c.obj
 .bss.xSuspendedTaskList
                0x200058d0       0x14 CMakeFiles/Engineering_A_2023_C_Board.elf.dir/Middlewares/Third_Party/FreeRTOS/Source/tasks.c.obj
 .bss.uxDeletedTasksWaitingCleanUp
                0x200058e4        0x4 CMakeFiles/Engineering_A_2023_C_Board.elf.dir/Middlewares/Third_Party/FreeRTOS/Source/tasks.c.obj
 .bss.xTasksWaitingTermination
                0x200058e8       0x14 CMakeFiles/Engineering_A_2023_C_Board.elf.dir/Middlewares/Third_Party/FreeRTOS/Source/tasks.c.obj
 .bss.xPendingReadyList
                0x200058fc       0x14 CMakeFiles/Engineering_A_2023_C_Board.elf.dir/Middlewares/Third_Party/FreeRTOS/Source/tasks.c.obj
 .bss.pxOverflowDelayedTaskList
                0x20005910        0x4 CMakeFiles/Engineering_A_2023_C_Board.elf.dir/Middlewares/Third_Party/FreeRTOS/Source/tasks.c.obj
 .bss.pxDelayedTaskList
                0x20005914        0x4 CMakeFiles/Engineering_A_2023_C_Board.elf.dir/Middlewares/Third_Party/FreeRTOS/Source/tasks.c.obj
 .bss.xDelayedTaskList2
                0x20005918       0x14 CMakeFiles/Engineering_A_2023_C_Board.elf.dir/Middlewares/Third_Party/FreeRTOS/Source/tasks.c.obj
 .bss.xDelayedTaskList1
                0x2000592c       0x14 CMakeFiles/Engineering_A_2023_C_Board.elf.dir/Middlewares/Third_Party/FreeRTOS/Source/tasks.c.obj
 .bss.pxReadyTasksLists
                0x20005940       0x8c CMakeFiles/Engineering_A_2023_C_Board.elf.dir/Middlewares/Third_Party/FreeRTOS/Source/tasks.c.obj
 .bss.pxCurrentTCB
                0x200059cc        0x4 CMakeFiles/Engineering_A_2023_C_Board.elf.dir/Middlewares/Third_Party/FreeRTOS/Source/tasks.c.obj
                0x200059cc                pxCurrentTCB
 .bss.error_num_display.0
                0x200059d0        0x1 CMakeFiles/Engineering_A_2023_C_Board.elf.dir/Task/Src/Detect_Task.c.obj
 *fill*         0x200059d1        0x3 
 .bss.system_time.1
                0x200059d4        0x4 CMakeFiles/Engineering_A_2023_C_Board.elf.dir/Task/Src/Detect_Task.c.obj
 .bss.error_list
                0x200059d8       0xf0 CMakeFiles/Engineering_A_2023_C_Board.elf.dir/Task/Src/Detect_Task.c.obj
                0x200059d8                error_list
 .bss.Gimbal_State_Table
                0x20005ac8       0x6c CMakeFiles/Engineering_A_2023_C_Board.elf.dir/Task/Src/Gimbal_Fsm.c.obj
                0x20005ac8                Gimbal_State_Table
 .bss.Mining    0x20005b34        0xc CMakeFiles/Engineering_A_2023_C_Board.elf.dir/Task/Src/Gimbal_Fsm.c.obj
                0x20005b34                Mining
 .bss.Arm_Test  0x20005b40        0xc CMakeFiles/Engineering_A_2023_C_Board.elf.dir/Task/Src/Gimbal_Fsm.c.obj
                0x20005b40                Arm_Test
 .bss.LIFT      0x20005b4c        0xc CMakeFiles/Engineering_A_2023_C_Board.elf.dir/Task/Src/Gimbal_Fsm.c.obj
                0x20005b4c                LIFT
 .bss.OFFLINE   0x20005b58        0xc CMakeFiles/Engineering_A_2023_C_Board.elf.dir/Task/Src/Gimbal_Fsm.c.obj
                0x20005b58                OFFLINE
 .bss.Gimbal_Fsm
                0x20005b64       0x10 CMakeFiles/Engineering_A_2023_C_Board.elf.dir/Task/Src/Gimbal_Fsm.c.obj
                0x20005b64                Gimbal_Fsm
 .bss.Gimbal    0x20005b74       0x10 CMakeFiles/Engineering_A_2023_C_Board.elf.dir/Task/Src/Gimbal_Task.c.obj
                0x20005b74                Gimbal
 .bss.__atexit  0x20005b84        0x4 /home/pansy/arm-gnu/arm-gnu/bin/../lib/gcc/arm-none-eabi/12.2.1/../../../../arm-none-eabi/lib/thumb/v7e-m+fp/hard/libc.a(libc_a-__call_atexit.o)
                0x20005b84                __atexit
 .bss.__lock___atexit_recursive_mutex
                0x20005b88        0x1 /home/pansy/arm-gnu/arm-gnu/bin/../lib/gcc/arm-none-eabi/12.2.1/../../../../arm-none-eabi/lib/thumb/v7e-m+fp/hard/libc.a(libc_a-lock.o)
                0x20005b88                __lock___atexit_recursive_mutex
 *fill*         0x20005b89        0x3 
 .bss.__atexit0
                0x20005b8c      0x190 /home/pansy/arm-gnu/arm-gnu/bin/../lib/gcc/arm-none-eabi/12.2.1/../../../../arm-none-eabi/lib/thumb/v7e-m+fp/hard/libc.a(libc_a-__atexit.o)
                0x20005b8c                __atexit0
 *(COMMON)
                0x20005d1c                        . = ALIGN (0x4)
                0x20005d1c                        _ebss = .
                0x20005d1c                        __bss_end__ = _ebss

._user_heap_stack
                0x20005d1c     0x4004
                0x20005d20                        . = ALIGN (0x8)
 *fill*         0x20005d1c        0x4 
                [!provide]                        PROVIDE (end = .)
                0x20005d20                        PROVIDE (_end = .)
                0x20008d20                        . = (. + _Min_Heap_Size)
 *fill*         0x20005d20     0x3000 
                0x20009d20                        . = (. + _Min_Stack_Size)
 *fill*         0x20008d20     0x1000 
                0x20009d20                        . = ALIGN (0x8)

/DISCARD/
 libc.a(*)
 libm.a(*)
 libgcc.a(*)

.ARM.attributes
                0x00000000       0x30
 *(.ARM.attributes)
 .ARM.attributes
                0x00000000       0x22 /home/pansy/arm-gnu/arm-gnu/bin/../lib/gcc/arm-none-eabi/12.2.1/thumb/v7e-m+fp/hard/crti.o
 .ARM.attributes
                0x00000022       0x34 /home/pansy/arm-gnu/arm-gnu/bin/../lib/gcc/arm-none-eabi/12.2.1/thumb/v7e-m+fp/hard/crtbegin.o
 .ARM.attributes
                0x00000056       0x34 CMakeFiles/Engineering_A_2023_C_Board.elf.dir/Algorithm/src/fifo.c.obj
 .ARM.attributes
                0x0000008a       0x34 CMakeFiles/Engineering_A_2023_C_Board.elf.dir/Algorithm/src/filter.c.obj
 .ARM.attributes
                0x000000be       0x34 CMakeFiles/Engineering_A_2023_C_Board.elf.dir/Algorithm/src/pid.c.obj
 .ARM.attributes
                0x000000f2       0x34 CMakeFiles/Engineering_A_2023_C_Board.elf.dir/Bsp/Src/bsp_Motor_Encoder.c.obj
 .ARM.attributes
                0x00000126       0x34 CMakeFiles/Engineering_A_2023_C_Board.elf.dir/Bsp/Src/bsp_can.c.obj
 .ARM.attributes
                0x0000015a       0x34 CMakeFiles/Engineering_A_2023_C_Board.elf.dir/Bsp/Src/bsp_dr16.c.obj
 .ARM.attributes
                0x0000018e       0x34 CMakeFiles/Engineering_A_2023_C_Board.elf.dir/Bsp/Src/bsp_pwm.c.obj
 .ARM.attributes
                0x000001c2       0x34 CMakeFiles/Engineering_A_2023_C_Board.elf.dir/Control/Src/BoardCommuni.c.obj
 .ARM.attributes
                0x000001f6       0x34 CMakeFiles/Engineering_A_2023_C_Board.elf.dir/Control/Src/GimbalMotor.c.obj
 .ARM.attributes
                0x0000022a       0x34 CMakeFiles/Engineering_A_2023_C_Board.elf.dir/Control/Src/RemoteDeal.c.obj
 .ARM.attributes
                0x0000025e       0x34 CMakeFiles/Engineering_A_2023_C_Board.elf.dir/Core/Src/can.c.obj
 .ARM.attributes
                0x00000292       0x34 CMakeFiles/Engineering_A_2023_C_Board.elf.dir/Core/Src/dma.c.obj
 .ARM.attributes
                0x000002c6       0x34 CMakeFiles/Engineering_A_2023_C_Board.elf.dir/Core/Src/freertos.c.obj
 .ARM.attributes
                0x000002fa       0x34 CMakeFiles/Engineering_A_2023_C_Board.elf.dir/Core/Src/gpio.c.obj
 .ARM.attributes
                0x0000032e       0x34 CMakeFiles/Engineering_A_2023_C_Board.elf.dir/Core/Src/i2c.c.obj
 .ARM.attributes
                0x00000362       0x34 CMakeFiles/Engineering_A_2023_C_Board.elf.dir/Core/Src/main.c.obj
 .ARM.attributes
                0x00000396       0x34 CMakeFiles/Engineering_A_2023_C_Board.elf.dir/Core/Src/spi.c.obj
 .ARM.attributes
                0x000003ca       0x34 CMakeFiles/Engineering_A_2023_C_Board.elf.dir/Core/Src/stm32f4xx_hal_msp.c.obj
 .ARM.attributes
                0x000003fe       0x34 CMakeFiles/Engineering_A_2023_C_Board.elf.dir/Core/Src/stm32f4xx_hal_timebase_tim.c.obj
 .ARM.attributes
                0x00000432       0x34 CMakeFiles/Engineering_A_2023_C_Board.elf.dir/Core/Src/stm32f4xx_it.c.obj
 .ARM.attributes
                0x00000466       0x34 CMakeFiles/Engineering_A_2023_C_Board.elf.dir/Core/Src/system_stm32f4xx.c.obj
 .ARM.attributes
                0x0000049a       0x34 CMakeFiles/Engineering_A_2023_C_Board.elf.dir/Core/Src/tim.c.obj
 .ARM.attributes
                0x000004ce       0x34 CMakeFiles/Engineering_A_2023_C_Board.elf.dir/Core/Src/usart.c.obj
 .ARM.attributes
                0x00000502       0x34 CMakeFiles/Engineering_A_2023_C_Board.elf.dir/Core/Src/usb_otg.c.obj
 .ARM.attributes
                0x00000536       0x21 CMakeFiles/Engineering_A_2023_C_Board.elf.dir/Core/Startup/startup_stm32f407ighx.s.obj
 .ARM.attributes
                0x00000557       0x34 CMakeFiles/Engineering_A_2023_C_Board.elf.dir/Drivers/STM32F4xx_HAL_Driver/Src/stm32f4xx_hal.c.obj
 .ARM.attributes
                0x0000058b       0x34 CMakeFiles/Engineering_A_2023_C_Board.elf.dir/Drivers/STM32F4xx_HAL_Driver/Src/stm32f4xx_hal_can.c.obj
 .ARM.attributes
                0x000005bf       0x34 CMakeFiles/Engineering_A_2023_C_Board.elf.dir/Drivers/STM32F4xx_HAL_Driver/Src/stm32f4xx_hal_cortex.c.obj
 .ARM.attributes
                0x000005f3       0x34 CMakeFiles/Engineering_A_2023_C_Board.elf.dir/Drivers/STM32F4xx_HAL_Driver/Src/stm32f4xx_hal_dma.c.obj
 .ARM.attributes
                0x00000627       0x34 CMakeFiles/Engineering_A_2023_C_Board.elf.dir/Drivers/STM32F4xx_HAL_Driver/Src/stm32f4xx_hal_gpio.c.obj
 .ARM.attributes